Component: ARM Compiler 5.05 update 1 (build 106) Tool: armlink [4d0efa]

==============================================================================

Section Cross References

    main.o(i.main) refers to ano_init.o(i.sys_init) for sys_init
    main.o(i.main) refers to loop.o(i.main_loop) for main_loop
    loop.o(i.Duty_20ms) refers to ano_drv_led.o(i.LED_Dyty) for LED_Dyty
    loop.o(i.Duty_2ms) refers to ano_data_transfer.o(i.ANO_DT_Data_Exchange) for ANO_DT_Data_Exchange
    loop.o(i.Duty_2ms) refers to bsp_systick.o(i.GetSysTime_us) for GetSysTime_us
    loop.o(i.Duty_2ms) refers to ano_drv_mpu6050.o(i.MPU6050_Data_Prepare) for MPU6050_Data_Prepare
    loop.o(i.Duty_2ms) refers to ano_rc.o(i.RC_duty) for RC_duty
    loop.o(i.Duty_2ms) refers to fflti.o(.text) for __aeabi_i2f
    loop.o(i.Duty_2ms) refers to ano_ctrl.o(i.CTRL_Duty) for CTRL_Duty
    loop.o(i.Duty_2ms) refers to loop.o(.bss) for test_time
    loop.o(i.Duty_2ms) refers to ano_rc.o(.bss) for CH_N
    loop.o(i.Duty_50ms) refers to ano_param.o(i.PID_Save_Overtime) for PID_Save_Overtime
    loop.o(i.Duty_6ms) refers to bsp_systick.o(i.GetSysTime_us) for GetSysTime_us
    loop.o(i.Duty_6ms) refers to ano_imu.o(i.IMU_update) for IMU_update
    loop.o(i.Duty_6ms) refers to loop.o(.bss) for test_time
    loop.o(i.Duty_6ms) refers to ano_imu.o(.data) for imu_data
    loop.o(i.Duty_6ms) refers to ano_drv_mpu6050.o(.bss) for sensor
    loop.o(i.Loop_check) refers to ano_drv_led.o(i.LED_1ms_DRV) for LED_1ms_DRV
    loop.o(i.Loop_check) refers to loop.o(.bss) for loop
    loop.o(i.main_loop) refers to loop.o(i.Duty_2ms) for Duty_2ms
    loop.o(i.main_loop) refers to loop.o(i.Duty_6ms) for Duty_6ms
    loop.o(i.main_loop) refers to loop.o(i.Duty_10ms) for Duty_10ms
    loop.o(i.main_loop) refers to loop.o(i.Duty_20ms) for Duty_20ms
    loop.o(i.main_loop) refers to loop.o(i.Duty_50ms) for Duty_50ms
    loop.o(i.main_loop) refers to ano_drv_nrf24l01.o(i.ANO_NRF_Check_Event) for ANO_NRF_Check_Event
    loop.o(i.main_loop) refers to ano_drv_hid.o(i.Usb_Hid_Receive) for Usb_Hid_Receive
    loop.o(i.main_loop) refers to loop.o(.bss) for loop
    ano_ctrl.o(i.CTRL_0) refers to ano_pid.o(i.PID_calculate) for PID_calculate
    ano_ctrl.o(i.CTRL_0) refers to ano_ctrl.o(.bss) for val_0_hs
    ano_ctrl.o(i.CTRL_0_PID_Init) refers to fflti.o(.text) for __aeabi_i2f
    ano_ctrl.o(i.CTRL_0_PID_Init) refers to fmul.o(.text) for __aeabi_fmul
    ano_ctrl.o(i.CTRL_0_PID_Init) refers to ano_param.o(.bss) for ANO_Param
    ano_ctrl.o(i.CTRL_0_PID_Init) refers to ano_ctrl.o(.bss) for arg_0_hs
    ano_ctrl.o(i.CTRL_1) refers to fmul.o(.text) for __aeabi_fmul
    ano_ctrl.o(i.CTRL_1) refers to ano_pid.o(i.PID_calculate) for PID_calculate
    ano_ctrl.o(i.CTRL_1) refers to ano_ctrl.o(.bss) for val_1_rol
    ano_ctrl.o(i.CTRL_1_PID_Init) refers to fflti.o(.text) for __aeabi_i2f
    ano_ctrl.o(i.CTRL_1_PID_Init) refers to fmul.o(.text) for __aeabi_fmul
    ano_ctrl.o(i.CTRL_1_PID_Init) refers to ano_param.o(.bss) for ANO_Param
    ano_ctrl.o(i.CTRL_1_PID_Init) refers to ano_ctrl.o(.bss) for arg_1_rol
    ano_ctrl.o(i.CTRL_2) refers to fmul.o(.text) for __aeabi_fmul
    ano_ctrl.o(i.CTRL_2) refers to ano_pid.o(i.PID_calculate) for PID_calculate
    ano_ctrl.o(i.CTRL_2) refers to ano_ctrl.o(.bss) for val_2_rol
    ano_ctrl.o(i.CTRL_2_PID_Init) refers to fflti.o(.text) for __aeabi_i2f
    ano_ctrl.o(i.CTRL_2_PID_Init) refers to fmul.o(.text) for __aeabi_fmul
    ano_ctrl.o(i.CTRL_2_PID_Init) refers to ano_param.o(.bss) for ANO_Param
    ano_ctrl.o(i.CTRL_2_PID_Init) refers to ano_ctrl.o(.bss) for arg_2_rol
    ano_ctrl.o(i.CTRL_Duty) refers to fflti.o(.text) for __aeabi_i2f
    ano_ctrl.o(i.CTRL_Duty) refers to cfcmple.o(.text) for __aeabi_cfcmple
    ano_ctrl.o(i.CTRL_Duty) refers to fadd.o(.text) for __aeabi_fadd
    ano_ctrl.o(i.CTRL_Duty) refers to bsp_systick.o(i.GetSysTime_us) for GetSysTime_us
    ano_ctrl.o(i.CTRL_Duty) refers to ffltui.o(.text) for __aeabi_ui2f
    ano_ctrl.o(i.CTRL_Duty) refers to fmul.o(.text) for __aeabi_fmul
    ano_ctrl.o(i.CTRL_Duty) refers to ano_ctrl.o(i.CTRL_2) for CTRL_2
    ano_ctrl.o(i.CTRL_Duty) refers to cfrcmple.o(.text) for __aeabi_cfrcmple
    ano_ctrl.o(i.CTRL_Duty) refers to fdiv.o(.text) for __aeabi_fdiv
    ano_ctrl.o(i.CTRL_Duty) refers to mymath.o(i.my_deadzone) for my_deadzone
    ano_ctrl.o(i.CTRL_Duty) refers to ano_ctrl.o(i.CTRL_1) for CTRL_1
    ano_ctrl.o(i.CTRL_Duty) refers to ano_data.o(.data) for flag
    ano_ctrl.o(i.CTRL_Duty) refers to ano_ctrl.o(.data) for ctrl_2_cnt
    ano_ctrl.o(i.CTRL_Duty) refers to ano_ctrl.o(.bss) for ctrl_2
    ano_ctrl.o(i.CTRL_Duty) refers to ano_imu.o(.data) for imu_data
    ano_ctrl.o(i.CTRL_Duty) refers to ano_drv_mpu6050.o(.bss) for sensor
    ano_ctrl.o(i.CTRL_Duty) refers to filter.o(i.LPF_1) for LPF_1
    ano_ctrl.o(i.CTRL_Duty) refers to ano_ctrl.o(i.CTRL_0) for CTRL_0
    ano_ctrl.o(i.CTRL_Duty) refers to mymath.o(i.second_degree) for second_degree
[...]
    .data                                    0x200000cc   Section        6  ano_rc.o(.data)
    cnt                                      0x200000d0   Data           2  ano_rc.o(.data)
    .data                                    0x200000d2   Section        4  ano_drv_hid.o(.data)
    notfull_timeout                          0x200000d5   Data           1  ano_drv_hid.o(.data)
    .data                                    0x200000d8   Section       16  ano_drv_led.o(.data)
    led_cnt                                  0x200000e0   Data           2  ano_drv_led.o(.data)
    dir                                      0x200000e2   Data           1  ano_drv_led.o(.data)
    ms_cnt                                   0x200000e4   Data           2  ano_drv_led.o(.data)
    group_n_cnt                              0x200000e6   Data           2  ano_drv_led.o(.data)
    .data                                    0x200000e8   Section       12  ano_drv_mpu6050.o(.data)
    .data                                    0x200000f4   Section       12  ano_drv_nrf24l01.o(.data)
    .data                                    0x20000100   Section        5  ano_drv_uart.o(.data)
    RxState                                  0x20000102   Data           1  ano_drv_uart.o(.data)
    _data_len                                0x20000103   Data           1  ano_drv_uart.o(.data)
    _data_cnt                                0x20000104   Data           1  ano_drv_uart.o(.data)
    .data                                    0x20000105   Section        2  ano_drv_uart3.o(.data)
    .data                                    0x20000108   Section        8  bsp_systick.o(.data)
    .data                                    0x20000110   Section        1  i2c_soft.o(.data)
    .data                                    0x20000114   Section     1028  mymath.o(.data)
    .data                                    0x20000518   Section        8  time.o(.data)
    .data                                    0x20000520   Section       20  system_stm32f10x.o(.data)
    .data                                    0x20000534   Section       20  stm32f10x_rcc.o(.data)
    APBAHBPrescTable                         0x20000534   Data          16  stm32f10x_rcc.o(.data)
    ADCPrescTable                            0x20000544   Data           4  stm32f10x_rcc.o(.data)
    .data                                    0x20000548   Section        3  usb_core.o(.data)
    .data                                    0x2000054c   Section       20  usb_init.o(.data)
    .data                                    0x20000560   Section        4  usb_int.o(.data)
    .data                                    0x20000564   Section       26  usb_desc.o(.data)
    .data                                    0x2000057e   Section        1  usb_endp.o(.data)
    .data                                    0x20000580   Section       60  usb_istr.o(.data)
    .data                                    0x200005bc   Section      156  usb_prop.o(.data)
    .data                                    0x20000658   Section        7  usb_pwr.o(.data)
    .data                                    0x20000660   Section        4  errno.o(.data)
    _errno                                   0x20000660   Data           4  errno.o(.data)
    .bss                                     0x20000664   Section       60  loop.o(.bss)
    .bss                                     0x200006a0   Section      444  ano_ctrl.o(.bss)
    .bss                                     0x2000085c   Section       12  ano_imu.o(.bss)
    .bss                                     0x20000868   Section      160  ano_param.o(.bss)
    .bss                                     0x20000908   Section      119  ano_data_transfer.o(.bss)
    RxBuffer                                 0x2000094d   Data          50  ano_data_transfer.o(.bss)
    .bss                                     0x20000980   Section       32  ano_rc.o(.bss)
    .bss                                     0x200009a0   Section      320  ano_drv_hid.o(.bss)
    .bss                                     0x20000ae0   Section      808  ano_drv_mpu6050.o(.bss)
    .bss                                     0x20000e08   Section      510  ano_drv_nrf24l01.o(.bss)
    .bss                                     0x20001006   Section      512  ano_drv_uart.o(.bss)
    RxBuffer                                 0x20001106   Data         256  ano_drv_uart.o(.bss)
    .bss                                     0x20001206   Section      256  ano_drv_uart3.o(.bss)
    .bss                                     0x20001308   Section       28  usb_init.o(.bss)
    .bss                                     0x20001324   Section       64  usb_endp.o(.bss)
    STACK                                    0x20001368   Section     1024  startup_stm32f10x_md.o(STACK)

    Global Symbols

    Symbol Name                              Value     Ov Type        Size  Object(Section)

    BuildAttributes$$THM_ISAv4$P$D$K$B$S$PE$A:L22UL41UL21$X:L11$S22US41US21$IEEE1$IW$USESV6$~STKCKD$USESV7$~SHL$OTIME$ROPI$IEEEX$EBA8$MICROLIB$REQ8$PRES8$EABIv2 0x00000000   Number         0  anon$$obj.o ABSOLUTE
    __ARM_use_no_argv                        0x00000000   Number         0  main.o ABSOLUTE
    __cpp_initialize__aeabi_                  - Undefined Weak Reference
    __cxa_finalize                            - Undefined Weak Reference
    _clock_init                               - Undefined Weak Reference
    _microlib_exit                            - Undefined Weak Reference
    __Vectors_Size                           0x000000ec   Number         0  startup_stm32f10x_md.o ABSOLUTE
    __Vectors                                0x08000000   Data           4  startup_stm32f10x_md.o(RESET)
    __Vectors_End                            0x080000ec   Data           0  startup_stm32f10x_md.o(RESET)
    __main                                   0x080000ed   Thumb Code     0  entry.o(.ARM.Collect$$$$00000000)
    _main_stk                                0x080000ed   Thumb Code     0  entry2.o(.ARM.Collect$$$$00000001)
    _main_scatterload                        0x080000f1   Thumb Code     0  entry5.o(.ARM.Collect$$$$00000004)
    __main_after_scatterload                 0x080000f5   Thumb Code     0  entry5.o(.ARM.Collect$$$$00000004)
    _main_clock                              0x080000f5   Thumb Code     0  entry7b.o(.ARM.Collect$$$$00000008)
    _main_cpp_init                           0x080000f5   Thumb Code     0  entry8b.o(.ARM.Collect$$$$0000000A)
    _main_init                               0x080000f5   Thumb Code     0  entry9a.o(.ARM.Collect$$$$0000000B)
    __rt_final_cpp                           0x080000fd   Thumb Code     0  entry10a.o(.ARM.Collect$$$$0000000D)
    __rt_final_exit                          0x080000fd   Thumb Code     0  entry11a.o(.ARM.Collect$$$$0000000F)
    Reset_Handler                            0x08000101   Thumb Code     8  startup_stm32f10x_md.o(.text)
    NMI_Handler                              0x08000109   Thumb Code     2  startup_stm32f10x_md.o(.text)
    HardFault_Handler                        0x0800010b   Thumb Code     2  startup_stm32f10x_md.o(.text)
    MemManage_Handler                        0x0800010d   Thumb Code     2  startup_stm32f10x_md.o(.text)
    BusFault_Handler                         0x0800010f   Thumb Code     2  startup_stm32f10x_md.o(.text)
    UsageFault_Handler                       0x08000111   Thumb Code     2  startup_stm32f10x_md.o(.text)
    SVC_Handler                              0x08000113   Thumb Code     2  startup_stm32f10x_md.o(.text)
    DebugMon_Handler                         0x08000115   Thumb Code     2  startup_stm32f10x_md.o(.text)
    PendSV_Handler                           0x08000117   Thumb Code     2  startup_stm32f10x_md.o(.text)
    ADC1_2_IRQHandler                        0x0800011b   Thumb Code     0  startup_stm32f10x_md.o(.text)
    CAN1_RX1_IRQHandler                      0x0800011b   Thumb Code     0  startup_stm32f10x_md.o(.text)
    CAN1_SCE_IRQHandler                      0x0800011b   Thumb Code     0  startup_stm32f10x_md.o(.text)
    DMA1_Channel1_IRQHandler                 0x0800011b   Thumb Code     0  startup_stm32f10x_md.o(.text)
    DMA1_Channel2_IRQHandler                 0x0800011b   Thumb Code     0  startup_stm32f10x_md.o(.text)
    DMA1_Channel3_IRQHandler                 0x0800011b   Thumb Code     0  startup_stm32f10x_md.o(.text)
    DMA1_Channel4_IRQHandler                 0x0800011b   Thumb Code     0  startup_stm32f10x_md.o(.text)
    DMA1_Channel5_IRQHandler                 0x0800011b   Thumb Code     0  startup_stm32f10x_md.o(.text)
    DMA1_Channel6_IRQHandler                 0x0800011b   Thumb Code     0  startup_stm32f10x_md.o(.text)
    DMA1_Channel7_IRQHandler                 0x0800011b   Thumb Code     0  startup_stm32f10x_md.o(.text)
    EXTI0_IRQHandler                         0x0800011b   Thumb Code     0  startup_stm32f10x_md.o(.text)
    EXTI15_10_IRQHandler                     0x0800011b   Thumb Code     0  startup_stm32f10x_md.o(.text)
    EXTI1_IRQHandler                         0x0800011b   Thumb Code     0  startup_stm32f10x_md.o(.text)
    EXTI2_IRQHandler                         0x0800011b   Thumb Code     0  startup_stm32f10x_md.o(.text)
    EXTI3_IRQHandler                         0x0800011b   Thumb Code     0  startup_stm32f10x_md.o(.text)
    EXTI4_IRQHandler                         0x0800011b   Thumb Code     0  startup_stm32f10x_md.o(.text)
    EXTI9_5_IRQHandler                       0x0800011b   Thumb Code     0  startup_stm32f10x_md.o(.text)
    FLASH_IRQHandler                         0x0800011b   Thumb Code     0  startup_stm32f10x_md.o(.text)
    I2C1_ER_IRQHandler                       0x0800011b   Thumb Code     0  startup_stm32f10x_md.o(.text)
    I2C1_EV_IRQHandler                       0x0800011b   Thumb Code     0  startup_stm32f10x_md.o(.text)
    I2C2_ER_IRQHandler                       0x0800011b   Thumb Code     0  startup_stm32f10x_md.o(.text)
    I2C2_EV_IRQHandler                       0x0800011b   Thumb Code     0  startup_stm32f10x_md.o(.text)
    PVD_IRQHandler                           0x0800011b   Thumb Code     0  startup_stm32f10x_md.o(.text)
    RCC_IRQHandler                           0x0800011b   Thumb Code     0  startup_stm32f10x_md.o(.text)
    RTCAlarm_IRQHandler                      0x0800011b   Thumb Code     0  startup_stm32f10x_md.o(.text)
    RTC_IRQHandler                           0x0800011b   Thumb Code     0  startup_stm32f10x_md.o(.text)
    SPI1_IRQHandler                          0x0800011b   Thumb Code     0  startup_stm32f10x_md.o(.text)
    SPI2_IRQHandler                          0x0800011b   Thumb Code     0  startup_stm32f10x_md.o(.text)
    TAMPER_IRQHandler                        0x0800011b   Thumb Code     0  startup_stm32f10x_md.o(.text)
    TIM1_BRK_IRQHandler                      0x0800011b   Thumb Code     0  startup_stm32f10x_md.o(.text)
    TIM1_CC_IRQHandler                       0x0800011b   Thumb Code     0  startup_stm32f10x_md.o(.text)
    TIM1_TRG_COM_IRQHandler                  0x0800011b   Thumb Code     0  startup_stm32f10x_md.o(.text)
    TIM1_UP_IRQHandler                       0x0800011b   Thumb Code     0  startup_stm32f10x_md.o(.text)
    TIM2_IRQHandler                          0x0800011b   Thumb Code     0  startup_stm32f10x_md.o(.text)
    TIM3_IRQHandler                          0x0800011b   Thumb Code     0  startup_stm32f10x_md.o(.text)
    TIM4_IRQHandler                          0x0800011b   Thumb Code     0  startup_stm32f10x_md.o(.text)
    USART2_IRQHandler                        0x0800011b   Thumb Code     0  startup_stm32f10x_md.o(.text)
    USBWakeUp_IRQHandler                     0x0800011b   Thumb Code     0  startup_stm32f10x_md.o(.text)
    WWDG_IRQHandler                          0x0800011b   Thumb Code     0  startup_stm32f10x_md.o(.text)
    __aeabi_fadd                             0x08000125   Thumb Code   164  fadd.o(.text)
    __aeabi_fsub                             0x080001c9   Thumb Code     6  fadd.o(.text)
    __aeabi_frsub                            0x080001cf   Thumb Code     6  fadd.o(.text)
    __aeabi_fmul                             0x080001d5   Thumb Code   100  fmul.o(.text)
    __aeabi_fdiv                             0x08000239   Thumb Code   124  fdiv.o(.text)
    __aeabi_dadd                             0x080002b5   Thumb Code   322  dadd.o(.text)
    __aeabi_dsub                             0x080003f7   Thumb Code     6  dadd.o(.text)
    __aeabi_drsub                            0x080003fd   Thumb Code     6  dadd.o(.text)
    __aeabi_dmul                             0x08000403   Thumb Code   228  dmul.o(.text)
    __aeabi_i2f                              0x080004e7   Thumb Code    18  fflti.o(.text)
    __aeabi_ui2f                             0x080004f9   Thumb Code    10  ffltui.o(.text)
    __aeabi_f2iz                             0x08000503   Thumb Code    50  ffixi.o(.text)
    __aeabi_f2uiz                            0x08000535   Thumb Code    40  ffixui.o(.text)
    __aeabi_f2d                              0x0800055d   Thumb Code    38  f2d.o(.text)
    __aeabi_d2f                              0x08000583   Thumb Code    56  d2f.o(.text)
    __aeabi_cfcmpeq                          0x080005bd   Thumb Code     0  cfcmple.o(.text)
    __aeabi_cfcmple                          0x080005bd   Thumb Code    20  cfcmple.o(.text)
    __aeabi_cfrcmple                         0x080005d1   Thumb Code    20  cfrcmple.o(.text)
    __aeabi_llsl                             0x080005e5   Thumb Code    30  llshl.o(.text)
    _ll_shift_l                              0x080005e5   Thumb Code     0  llshl.o(.text)
    __aeabi_lasr                             0x08000603   Thumb Code    36  llsshr.o(.text)
    _ll_sshift_r                             0x08000603   Thumb Code     0  llsshr.o(.text)
    __I$use$fp                               0x08000627   Thumb Code     0  iusefp.o(.text)
    _float_round                             0x08000627   Thumb Code    18  fepilogue.o(.text)
    _float_epilogue                          0x08000639   Thumb Code    92  fepilogue.o(.text)
    _double_round                            0x08000695   Thumb Code    30  depilogue.o(.text)
    _double_epilogue                         0x080006b3   Thumb Code   156  depilogue.o(.text)
    __aeabi_ddiv                             0x0800074f   Thumb Code   222  ddiv.o(.text)
    __ARM_scalbn                             0x0800082d   Thumb Code    46  dscalb.o(.text)
    scalbn                                   0x0800082d   Thumb Code     0  dscalb.o(.text)
    __scatterload                            0x0800085d   Thumb Code    28  init.o(.text)
    __scatterload_rt2                        0x0800085d   Thumb Code     0  init.o(.text)
    __aeabi_llsr                             0x08000881   Thumb Code    32  llushr.o(.text)
    _ll_ushift_r                             0x08000881   Thumb Code     0  llushr.o(.text)
    _dsqrt                                   0x080008a1   Thumb Code   162  dsqrt.o(.text)
    __decompress                             0x08000943   Thumb Code     0  __dczerorl2.o(.text)
    __decompress1                            0x08000943   Thumb Code    86  __dczerorl2.o(.text)
    ANO_DT_Data_Exchange                     0x08000999   Thumb Code  1148  ano_data_transfer.o(i.ANO_DT_Data_Exchange)
    ANO_DT_Data_Receive_Anl                  0x08000e19   Thumb Code   706  ano_data_transfer.o(i.ANO_DT_Data_Receive_Anl)
    ANO_DT_Data_Receive_Prepare              0x080010f9   Thumb Code   216  ano_data_transfer.o(i.ANO_DT_Data_Receive_Prepare)
    ANO_DT_Send_Data                         0x08001225   Thumb Code    16  ano_data_transfer.o(i.ANO_DT_Send_Data)
    ANO_DT_Send_MotoPWM                      0x08001239   Thumb Code   294  ano_data_transfer.o(i.ANO_DT_Send_MotoPWM)
    ANO_DT_Send_PID                          0x080013a9   Thumb Code   382  ano_data_transfer.o(i.ANO_DT_Send_PID)
    ANO_DT_Send_Power                        0x0800152d   Thumb Code   136  ano_data_transfer.o(i.ANO_DT_Send_Power)
    ANO_DT_Send_RCData                       0x080015b9   Thumb Code   350  ano_data_transfer.o(i.ANO_DT_Send_RCData)
    ANO_DT_Send_Senser                       0x0800171d   Thumb Code   406  ano_data_transfer.o(i.ANO_DT_Send_Senser)
    ANO_DT_Send_Status                       0x080018b9   Thumb Code   316  ano_data_transfer.o(i.ANO_DT_Send_Status)
    ANO_DT_Send_User                         0x080019fd   Thumb Code   234  ano_data_transfer.o(i.ANO_DT_Send_User)
    ANO_DT_Send_Version                      0x08001af5   Thumb Code   192  ano_data_transfer.o(i.ANO_DT_Send_Version)
    ANO_Flash_Read                           0x08001bb9   Thumb Code    62  ano_drv_flash.o(i.ANO_Flash_Read)
    ANO_Flash_Write                          0x08001bfd   Thumb Code   100  ano_drv_flash.o(i.ANO_Flash_Write)
    ANO_LED_0_OFF                            0x08001c65   Thumb Code    10  ano_drv_led.o(i.ANO_LED_0_OFF)
    ANO_LED_0_ON                             0x08001c75   Thumb Code    10  ano_drv_led.o(i.ANO_LED_0_ON)
    ANO_LED_Init                             0x08001c85   Thumb Code    56  ano_drv_led.o(i.ANO_LED_Init)
    ANO_NRF_Check                            0x08001cc5   Thumb Code    62  ano_drv_nrf24l01.o(i.ANO_NRF_Check)
    ANO_NRF_Check_Event                      0x08001d09   Thumb Code   106  ano_drv_nrf24l01.o(i.ANO_NRF_Check_Event)
    ANO_NRF_Init                             0x08001d7d   Thumb Code   222  ano_drv_nrf24l01.o(i.ANO_NRF_Init)
    ANO_NRF_Read_Buf                         0x08001e65   Thumb Code    52  ano_drv_nrf24l01.o(i.ANO_NRF_Read_Buf)
    ANO_NRF_Read_Reg                         0x08001e99   Thumb Code    30  ano_drv_nrf24l01.o(i.ANO_NRF_Read_Reg)
    ANO_NRF_TxPacket                         0x08001eb9   Thumb Code    28  ano_drv_nrf24l01.o(i.ANO_NRF_TxPacket)
    ANO_NRF_Write_Buf                        0x08001ed9   Thumb Code    50  ano_drv_nrf24l01.o(i.ANO_NRF_Write_Buf)
    ANO_NRF_Write_Reg                        0x08001f0b   Thumb Code    32  ano_drv_nrf24l01.o(i.ANO_NRF_Write_Reg)
    ANO_Param_Init                           0x08001f2d   Thumb Code   136  ano_param.o(i.ANO_Param_Init)
    ANO_Param_Read                           0x08001fb9   Thumb Code    24  ano_param.o(i.ANO_Param_Read)
    ANO_Param_Save                           0x08001fd5   Thumb Code    16  ano_param.o(i.ANO_Param_Save)
    ANO_SPI_CSN_H                            0x08001fe9   Thumb Code    14  ano_drv_spi.o(i.ANO_SPI_CSN_H)
    ANO_SPI_CSN_L                            0x08001ffd   Thumb Code    14  ano_drv_spi.o(i.ANO_SPI_CSN_L)
    ANO_SPI_Init                             0x08002011   Thumb Code   160  ano_drv_spi.o(i.ANO_SPI_Init)
    ANO_SPI_RW                               0x080020b9   Thumb Code    50  ano_drv_spi.o(i.ANO_SPI_RW)
    ANO_UART3_IRQ                            0x080020f1   Thumb Code   122  ano_drv_uart3.o(i.ANO_UART3_IRQ)
    ANO_UART3_Init                           0x0800217d   Thumb Code   198  ano_drv_uart3.o(i.ANO_UART3_Init)
    ANO_UART3_Put_Buf                        0x0800224d   Thumb Code    62  ano_drv_uart3.o(i.ANO_UART3_Put_Buf)
    ByteSwap                                 0x08002299   Thumb Code    12  usb_regs.o(i.ByteSwap)
    CTRL_0                                   0x080022a5   Thumb Code    46  ano_ctrl.o(i.CTRL_0)
    CTRL_0_PID_Init                          0x080022dd   Thumb Code   106  ano_ctrl.o(i.CTRL_0_PID_Init)
    CTRL_1                                   0x08002355   Thumb Code   128  ano_ctrl.o(i.CTRL_1)
    CTRL_1_PID_Init                          0x080023f5   Thumb Code   300  ano_ctrl.o(i.CTRL_1_PID_Init)
    CTRL_2                                   0x08002541   Thumb Code   128  ano_ctrl.o(i.CTRL_2)
    CTRL_2_PID_Init                          0x080025dd   Thumb Code   274  ano_ctrl.o(i.CTRL_2_PID_Init)
    CTRL_Duty                                0x08002711   Thumb Code  1518  ano_ctrl.o(i.CTRL_Duty)
    CTR_LP                                   0x08002d55   Thumb Code   774  usb_int.o(i.CTR_LP)
    ClearDTOG_RX                             0x0800307d   Thumb Code    46  usb_regs.o(i.ClearDTOG_RX)
    ClearDTOG_TX                             0x080030b1   Thumb Code    46  usb_regs.o(i.ClearDTOG_TX)
    Clear_Status_Out                         0x080030e5   Thumb Code    28  usb_regs.o(i.Clear_Status_Out)
    CustomHID_Data_Setup                     0x08003105   Thumb Code   108  usb_prop.o(i.CustomHID_Data_Setup)
    CustomHID_GetConfigDescriptor            0x08003181   Thumb Code    14  usb_prop.o(i.CustomHID_GetConfigDescriptor)
    CustomHID_GetDeviceDescriptor            0x08003195   Thumb Code    14  usb_prop.o(i.CustomHID_GetDeviceDescriptor)
    CustomHID_GetHIDDescriptor               0x080031a9   Thumb Code    14  usb_prop.o(i.CustomHID_GetHIDDescriptor)
    CustomHID_GetProtocolValue               0x080031bd   Thumb Code    20  usb_prop.o(i.CustomHID_GetProtocolValue)
    CustomHID_GetReportDescriptor            0x080031d9   Thumb Code    14  usb_prop.o(i.CustomHID_GetReportDescriptor)
    CustomHID_GetStringDescriptor            0x080031ed   Thumb Code    32  usb_prop.o(i.CustomHID_GetStringDescriptor)
    CustomHID_Get_Interface_Setting          0x08003215   Thumb Code    22  usb_prop.o(i.CustomHID_Get_Interface_Setting)
    CustomHID_NoData_Setup                   0x0800322d   Thumb Code    32  usb_prop.o(i.CustomHID_NoData_Setup)
    CustomHID_Reset                          0x08003251   Thumb Code   176  usb_prop.o(i.CustomHID_Reset)
    CustomHID_SetConfiguration               0x08003311   Thumb Code    16  usb_prop.o(i.CustomHID_SetConfiguration)
    CustomHID_SetDeviceAddress               0x08003329   Thumb Code     8  usb_prop.o(i.CustomHID_SetDeviceAddress)
    CustomHID_SetProtocol                    0x08003335   Thumb Code    14  usb_prop.o(i.CustomHID_SetProtocol)
    CustomHID_Status_In                      0x0800334d   Thumb Code     2  usb_prop.o(i.CustomHID_Status_In)
    CustomHID_Status_Out                     0x0800334f   Thumb Code     2  usb_prop.o(i.CustomHID_Status_Out)
    CustomHID_init                           0x08003351   Thumb Code    50  usb_prop.o(i.CustomHID_init)
    Delay                                    0x080037a9   Thumb Code    18  bsp_systick.o(i.Delay)
    Delay_ms                                 0x080037bb   Thumb Code    26  bsp_systick.o(i.Delay_ms)
    Delay_us                                 0x080037d5   Thumb Code    24  bsp_systick.o(i.Delay_us)
    Duty_10ms                                0x080037ed   Thumb Code     2  loop.o(i.Duty_10ms)
    Duty_20ms                                0x080037f1   Thumb Code    10  loop.o(i.Duty_20ms)
    Duty_2ms                                 0x08003801   Thumb Code   110  loop.o(i.Duty_2ms)
    Duty_50ms                                0x0800387d   Thumb Code    14  loop.o(i.Duty_50ms)
    Duty_6ms                                 0x0800388d   Thumb Code    46  loop.o(i.Duty_6ms)
    EP1_OUT_Callback                         0x080038cd   Thumb Code    28  usb_endp.o(i.EP1_OUT_Callback)
    EP2_IN_Callback                          0x080038f1   Thumb Code    20  usb_endp.o(i.EP2_IN_Callback)
    Enter_LowPowerMode                       0x08003909   Thumb Code     8  usb_config.o(i.Enter_LowPowerMode)
    FLASH_ErasePage                          0x08003915   Thumb Code    72  stm32f10x_flash.o(i.FLASH_ErasePage)
    FLASH_GetBank1Status                     0x08003961   Thumb Code    48  stm32f10x_flash.o(i.FLASH_GetBank1Status)
    FLASH_ProgramHalfWord                    0x08003995   Thumb Code    60  stm32f10x_flash.o(i.FLASH_ProgramHalfWord)
    FLASH_Unlock                             0x080039d5   Thumb Code    12  stm32f10x_flash.o(i.FLASH_Unlock)
    FLASH_WaitForLastOperation               0x080039ed   Thumb Code    38  stm32f10x_flash.o(i.FLASH_WaitForLastOperation)
    GPIO_Init                                0x08003a13   Thumb Code   278  stm32f10x_gpio.o(i.GPIO_Init)
    GPIO_PinRemapConfig                      0x08003b29   Thumb Code   138  stm32f10x_gpio.o(i.GPIO_PinRemapConfig)
    GPIO_ResetBits                           0x08003bb9   Thumb Code     4  stm32f10x_gpio.o(i.GPIO_ResetBits)
    GPIO_SetBits                             0x08003bbd   Thumb Code     4  stm32f10x_gpio.o(i.GPIO_SetBits)
    GPIO_StructInit                          0x08003bc1   Thumb Code    16  stm32f10x_gpio.o(i.GPIO_StructInit)
    GetEPRxAddr                              0x08003bd1   Thumb Code    24  usb_regs.o(i.GetEPRxAddr)
    GetEPTxAddr                              0x08003bf1   Thumb Code    22  usb_regs.o(i.GetEPTxAddr)
    GetSysTime_us                            0x08003c11   Thumb Code    58  bsp_systick.o(i.GetSysTime_us)
    Get_SerialNum                            0x08003c55   Thumb Code    62  usb_config.o(i.Get_SerialNum)
    I2c_Soft_Ask                             0x08003c9d   Thumb Code    46  i2c_soft.o(i.I2c_Soft_Ask)
    I2c_Soft_Init                            0x08003cd1   Thumb Code    64  i2c_soft.o(i.I2c_Soft_Init)
    I2c_Soft_NoAsk                           0x08003d15   Thumb Code    48  i2c_soft.o(i.I2c_Soft_NoAsk)
    I2c_Soft_ReadByte                        0x08003d49   Thumb Code    92  i2c_soft.o(i.I2c_Soft_ReadByte)
    I2c_Soft_SendByte                        0x08003da9   Thumb Code    76  i2c_soft.o(i.I2c_Soft_SendByte)
    I2c_Soft_Start                           0x08003df9   Thumb Code    84  i2c_soft.o(i.I2c_Soft_Start)
    I2c_Soft_Stop                            0x08003e51   Thumb Code    48  i2c_soft.o(i.I2c_Soft_Stop)
    I2c_Soft_WaitAsk                         0x08003e85   Thumb Code    80  i2c_soft.o(i.I2c_Soft_WaitAsk)
    I2c_Soft_delay                           0x08003ed9   Thumb Code    10  i2c_soft.o(i.I2c_Soft_delay)
    IIC_Read_nByte                           0x08003ee5   Thumb Code   112  i2c_soft.o(i.IIC_Read_nByte)
    IIC_Write_1Byte                          0x08003f59   Thumb Code    62  i2c_soft.o(i.IIC_Write_1Byte)
    IICwriteBit                              0x08003f97   Thumb Code    66  ano_drv_mpu6050.o(i.IICwriteBit)
    IICwriteBits                             0x08003fd9   Thumb Code   102  ano_drv_mpu6050.o(i.IICwriteBits)
    IMU_update                               0x08004041   Thumb Code  1920  ano_imu.o(i.IMU_update)
    In0_Process                              0x080047d9   Thumb Code    98  usb_core.o(i.In0_Process)
    LED_1ms_DRV                              0x08004849   Thumb Code    62  ano_drv_led.o(i.LED_1ms_DRV)
    LED_Dyty                                 0x08004895   Thumb Code    42  ano_drv_led.o(i.LED_Dyty)
    LPF_1                                    0x080048c5   Thumb Code    94  filter.o(i.LPF_1)
    Leave_LowPowerMode                       0x08004929   Thumb Code    22  usb_config.o(i.Leave_LowPowerMode)
    Loop_check                               0x08004949   Thumb Code    96  loop.o(i.Loop_check)
    MPU6050_Data_Offset                      0x080049ad   Thumb Code   452  ano_drv_mpu6050.o(i.MPU6050_Data_Offset)
    MPU6050_Data_Prepare                     0x08004b8d   Thumb Code   844  ano_drv_mpu6050.o(i.MPU6050_Data_Prepare)
    MPU6050_INT_Config                       0x08004f29   Thumb Code     2  ano_drv_mpu6050.o(i.MPU6050_INT_Config)
    MPU6050_Init                             0x08004f2d   Thumb Code   240  ano_drv_mpu6050.o(i.MPU6050_Init)
    MPU6050_Read                             0x08005021   Thumb Code    16  ano_drv_mpu6050.o(i.MPU6050_Read)
    MPU6050_setClockSource                   0x08005035   Thumb Code    20  ano_drv_mpu6050.o(i.MPU6050_setClockSource)
    MPU6050_setDLPF                          0x08005049   Thumb Code    20  ano_drv_mpu6050.o(i.MPU6050_setDLPF)
    MPU6050_setFullScaleAccelRange           0x0800505d   Thumb Code    36  ano_drv_mpu6050.o(i.MPU6050_setFullScaleAccelRange)
    MPU6050_setFullScaleGyroRange            0x08005081   Thumb Code    36  ano_drv_mpu6050.o(i.MPU6050_setFullScaleGyroRange)
    MPU6050_setI2CBypassEnabled              0x080050a5   Thumb Code    18  ano_drv_mpu6050.o(i.MPU6050_setI2CBypassEnabled)
    MPU6050_setI2CMasterModeEnabled          0x080050b7   Thumb Code    18  ano_drv_mpu6050.o(i.MPU6050_setI2CMasterModeEnabled)
    MPU6050_setSleepEnabled                  0x080050c9   Thumb Code    18  ano_drv_mpu6050.o(i.MPU6050_setSleepEnabled)
    MPU6050_set_SMPLRT_DIV                   0x080050db   Thumb Code    28  ano_drv_mpu6050.o(i.MPU6050_set_SMPLRT_DIV)
    NOP_Process                              0x080050f7   Thumb Code     2  usb_core.o(i.NOP_Process)
    NVIC_Init                                0x080050f9   Thumb Code   100  misc.o(i.NVIC_Init)
    NVIC_PriorityGroupConfig                 0x08005169   Thumb Code    10  misc.o(i.NVIC_PriorityGroupConfig)
    Out0_Process                             0x080052c1   Thumb Code    70  usb_core.o(i.Out0_Process)
    PID_Save_Overtime                        0x08005311   Thumb Code    46  ano_param.o(i.PID_Save_Overtime)
    PID_calculate                            0x08005345   Thumb Code   314  ano_pid.o(i.PID_calculate)
    PMAToUserBufferCopy                      0x08005485   Thumb Code    34  usb_mem.o(i.PMAToUserBufferCopy)
    Post0_Process                            0x080054ad   Thumb Code    54  usb_core.o(i.Post0_Process)
    PowerOn                                  0x080054f5   Thumb Code    54  usb_pwr.o(i.PowerOn)
    RCC_APB1PeriphClockCmd                   0x08005535   Thumb Code    26  stm32f10x_rcc.o(i.RCC_APB1PeriphClockCmd)
    RCC_APB2PeriphClockCmd                   0x08005555   Thumb Code    26  stm32f10x_rcc.o(i.RCC_APB2PeriphClockCmd)
    RCC_GetClocksFreq                        0x08005575   Thumb Code   192  stm32f10x_rcc.o(i.RCC_GetClocksFreq)
    RCC_USBCLKConfig                         0x08005649   Thumb Code     6  stm32f10x_rcc.o(i.RCC_USBCLKConfig)
    RC_duty                                  0x08005655   Thumb Code    44  ano_rc.o(i.RC_duty)
    Resume                                   0x08005689   Thumb Code   168  usb_pwr.o(i.Resume)
    Resume_Init                              0x08005739   Thumb Code    30  usb_pwr.o(i.Resume_Init)
    SPI_Cmd                                  0x0800575d   Thumb Code    24  stm32f10x_spi.o(i.SPI_Cmd)
    SPI_I2S_GetFlagStatus                    0x08005775   Thumb Code    18  stm32f10x_spi.o(i.SPI_I2S_GetFlagStatus)
    SPI_I2S_ReceiveData                      0x08005787   Thumb Code     6  stm32f10x_spi.o(i.SPI_I2S_ReceiveData)
    SPI_I2S_SendData                         0x0800578d   Thumb Code     4  stm32f10x_spi.o(i.SPI_I2S_SendData)
    SPI_Init                                 0x08005791   Thumb Code    60  stm32f10x_spi.o(i.SPI_Init)
    SetBTABLE                                0x080057cd   Thumb Code    12  usb_regs.o(i.SetBTABLE)
    SetDeviceAddress                         0x080057dd   Thumb Code    62  usb_core.o(i.SetDeviceAddress)
    SetEPRxAddr                              0x08005829   Thumb Code    26  usb_regs.o(i.SetEPRxAddr)
    SetEPRxCount                             0x0800584d   Thumb Code    68  usb_regs.o(i.SetEPRxCount)
    SetEPRxStatus                            0x08005899   Thumb Code    52  usb_regs.o(i.SetEPRxStatus)
    SetEPRxValid                             0x080058d1   Thumb Code    38  usb_regs.o(i.SetEPRxValid)
    SetEPTxAddr                              0x080058fd   Thumb Code    24  usb_regs.o(i.SetEPTxAddr)
    SetEPTxCount                             0x0800591d   Thumb Code    20  usb_regs.o(i.SetEPTxCount)
    SetEPTxStatus                            0x08005939   Thumb Code    52  usb_regs.o(i.SetEPTxStatus)
    SetEPTxValid                             0x08005971   Thumb Code    38  usb_regs.o(i.SetEPTxValid)
    SetEPType                                0x0800599d   Thumb Code    32  usb_regs.o(i.SetEPType)
    Set_USBClock                             0x08005aa9   Thumb Code    18  usb_config.o(i.Set_USBClock)
    Setup0_Process                           0x08005abd   Thumb Code   162  usb_core.o(i.Setup0_Process)
    Standard_ClearFeature                    0x08005b6d   Thumb Code   326  usb_core.o(i.Standard_ClearFeature)
    Standard_GetConfiguration                0x08005cc9   Thumb Code    34  usb_core.o(i.Standard_GetConfiguration)
    Standard_GetDescriptorData               0x08005cf5   Thumb Code    32  usb_core.o(i.Standard_GetDescriptorData)
    Standard_GetInterface                    0x08005d19   Thumb Code    34  usb_core.o(i.Standard_GetInterface)
    Standard_GetStatus                       0x08005d45   Thumb Code   224  usb_core.o(i.Standard_GetStatus)
    Standard_SetConfiguration                0x08005e35   Thumb Code    60  usb_core.o(i.Standard_SetConfiguration)
    Standard_SetDeviceFeature                0x08005e7d   Thumb Code    30  usb_core.o(i.Standard_SetDeviceFeature)
    Standard_SetEndPointFeature              0x08005ea5   Thumb Code   176  usb_core.o(i.Standard_SetEndPointFeature)
    Standard_SetInterface                    0x08005f65   Thumb Code    96  usb_core.o(i.Standard_SetInterface)
    Suspend                                  0x08005fd1   Thumb Code    34  usb_pwr.o(i.Suspend)
    SysTick_Handler                          0x08005ff9   Thumb Code     8  stm32f10x_it.o(i.SysTick_Handler)
    SysTick_IRQ                              0x08006001   Thumb Code    22  bsp_systick.o(i.SysTick_IRQ)
    SystemInit                               0x0800601d   Thumb Code    78  system_stm32f10x.o(i.SystemInit)
    TIM_ARRPreloadConfig                     0x0800607d   Thumb Code    24  stm32f10x_tim.o(i.TIM_ARRPreloadConfig)
    TIM_Cmd                                  0x08006095   Thumb Code    24  stm32f10x_tim.o(i.TIM_Cmd)
    TIM_OC1Init                              0x080060ad   Thumb Code   132  stm32f10x_tim.o(i.TIM_OC1Init)
    TIM_OC1PreloadConfig                     0x08006145   Thumb Code    18  stm32f10x_tim.o(i.TIM_OC1PreloadConfig)
    TIM_OC2Init                              0x08006159   Thumb Code   154  stm32f10x_tim.o(i.TIM_OC2Init)
    TIM_OC2PreloadConfig                     0x080061fd   Thumb Code    26  stm32f10x_tim.o(i.TIM_OC2PreloadConfig)
    TIM_OC3Init                              0x08006219   Thumb Code   150  stm32f10x_tim.o(i.TIM_OC3Init)
    TIM_OC3PreloadConfig                     0x080062b9   Thumb Code    18  stm32f10x_tim.o(i.TIM_OC3PreloadConfig)
    TIM_OC4Init                              0x080062cd   Thumb Code   114  stm32f10x_tim.o(i.TIM_OC4Init)
    TIM_OC4PreloadConfig                     0x08006349   Thumb Code    26  stm32f10x_tim.o(i.TIM_OC4PreloadConfig)
    TIM_OCStructInit                         0x08006363   Thumb Code    20  stm32f10x_tim.o(i.TIM_OCStructInit)
    TIM_TimeBaseInit                         0x08006379   Thumb Code   122  stm32f10x_tim.o(i.TIM_TimeBaseInit)
    TIM_TimeBaseStructInit                   0x0800641d   Thumb Code    18  stm32f10x_tim.o(i.TIM_TimeBaseStructInit)
    USART1_IRQHandler                        0x0800642f   Thumb Code     8  stm32f10x_it.o(i.USART1_IRQHandler)
    USART3_IRQHandler                        0x08006437   Thumb Code     8  stm32f10x_it.o(i.USART3_IRQHandler)
    USART_ClockInit                          0x0800643f   Thumb Code    34  stm32f10x_usart.o(i.USART_ClockInit)
    USART_Cmd                                0x08006461   Thumb Code    24  stm32f10x_usart.o(i.USART_Cmd)
    USART_GetFlagStatus                      0x08006479   Thumb Code    26  stm32f10x_usart.o(i.USART_GetFlagStatus)
    USART_ITConfig                           0x08006493   Thumb Code    74  stm32f10x_usart.o(i.USART_ITConfig)
    USART_Init                               0x080064dd   Thumb Code   210  stm32f10x_usart.o(i.USART_Init)
    USART_ReceiveData                        0x080065b5   Thumb Code    10  stm32f10x_usart.o(i.USART_ReceiveData)
    USB_Cable_Config                         0x080065bf   Thumb Code     2  usb_config.o(i.USB_Cable_Config)
    USB_Connect                              0x080065c1   Thumb Code    78  usb_config.o(i.USB_Connect)
    USB_GPIO_Configuration                   0x08006619   Thumb Code     2  usb_config.o(i.USB_GPIO_Configuration)
    USB_HID_Init                             0x0800661d   Thumb Code    42  ano_drv_hid.o(i.USB_HID_Init)
    USB_HP_CAN1_TX_IRQHandler                0x0800664d   Thumb Code     2  stm32f10x_it.o(i.USB_HP_CAN1_TX_IRQHandler)
    USB_Init                                 0x08006651   Thumb Code    36  usb_init.o(i.USB_Init)
    USB_Interrupts_Config                    0x0800668d   Thumb Code    34  usb_config.o(i.USB_Interrupts_Config)
    USB_Istr                                 0x080066b1   Thumb Code   222  usb_istr.o(i.USB_Istr)
    USB_LP_CAN1_RX0_IRQHandler               0x080067a9   Thumb Code     8  stm32f10x_it.o(i.USB_LP_CAN1_RX0_IRQHandler)
    Uart1_IRQ                                0x080067b1   Thumb Code   324  ano_drv_uart.o(i.Uart1_IRQ)
    Usb_Hid_Adddata                          0x08006915   Thumb Code    36  ano_drv_hid.o(i.Usb_Hid_Adddata)
    Usb_Hid_Receive                          0x08006941   Thumb Code    44  ano_drv_hid.o(i.Usb_Hid_Receive)
    Usb_Hid_Send                             0x08006975   Thumb Code   438  ano_drv_hid.o(i.Usb_Hid_Send)
    UserToPMABufferCopy                      0x08006b45   Thumb Code    52  usb_mem.o(i.UserToPMABufferCopy)
    __ARM_fpclassify                         0x08006b7d   Thumb Code    40  fpclassify.o(i.__ARM_fpclassify)
    __kernel_poly                            0x08006ba5   Thumb Code   170  poly.o(i.__kernel_poly)
    __mathlib_dbl_infnan                     0x08006c4f   Thumb Code     6  dunder.o(i.__mathlib_dbl_infnan)
    __mathlib_dbl_invalid                    0x08006c55   Thumb Code    12  dunder.o(i.__mathlib_dbl_invalid)
    __mathlib_dbl_underflow                  0x08006c61   Thumb Code    10  dunder.o(i.__mathlib_dbl_underflow)
    __scatterload_copy                       0x08006c71   Thumb Code    14  handlers.o(i.__scatterload_copy)
    __scatterload_null                       0x08006c7f   Thumb Code     2  handlers.o(i.__scatterload_null)
    __scatterload_zeroinit                   0x08006c81   Thumb Code    14  handlers.o(i.__scatterload_zeroinit)
    __set_errno                              0x08006c91   Thumb Code     6  errno.o(i.__set_errno)
    asin                                     0x08006c9d   Thumb Code   572  asin.o(i.asin)
    cycleCounterInit                         0x08006f0d   Thumb Code    26  bsp_systick.o(i.cycleCounterInit)
    fail_safe                                0x08006f31   Thumb Code    32  ano_rc.o(i.fail_safe)
    fail_safe_check                          0x08006f55   Thumb Code    48  ano_rc.o(i.fail_safe_check)
    fast_atan2                               0x08006f8d   Thumb Code   344  mymath.o(i.fast_atan2)
    led_breath                               0x080070f9   Thumb Code   190  ano_drv_led.o(i.led_breath)
    led_flash                                0x080071cd   Thumb Code   150  ano_drv_led.o(i.led_flash)
    limit_filter                             0x08007279   Thumb Code    88  filter.o(i.limit_filter)
    main                                     0x080072d1   Thumb Code    12  main.o(i.main)
    main_loop                                0x080072dd   Thumb Code   126  loop.o(i.main_loop)
    motor_ctrl                               0x08007361   Thumb Code   200  ano_ctrl.o(i.motor_ctrl)
    motor_out                                0x08007435   Thumb Code    72  ano_motor.o(i.motor_out)
    mpu_type                                 0x08007481   Thumb Code   100  ano_drv_mpu6050.o(i.mpu_type)
    my_abs                                   0x080074f1   Thumb Code    24  mymath.o(i.my_abs)
    my_deadzone                              0x08007509   Thumb Code    72  mymath.o(i.my_deadzone)
    my_sqrt                                  0x08007551   Thumb Code   114  mymath.o(i.my_sqrt)
    pid_init                                 0x080075c9   Thumb Code    16  ano_ctrl.o(i.pid_init)
    pwm_out_init                             0x080075d9   Thumb Code   226  ano_motor.o(i.pwm_out_init)
    safe_div                                 0x080076c9   Thumb Code    30  mymath.o(i.safe_div)
    second_degree                            0x080076e7   Thumb Code   112  mymath.o(i.second_degree)
    sensor_dir                               0x08007757   Thumb Code    72  ano_drv_mpu6050.o(i.sensor_dir)
    sqrt                                     0x0800779f   Thumb Code    76  sqrt.o(i.sqrt)
    steepest_descend                         0x080077eb   Thumb Code   400  filter.o(i.steepest_descend)
    sys_init                                 0x0800797d   Thumb Code   170  ano_init.o(i.sys_init)
    sys_time                                 0x08007a3d   Thumb Code   126  time.o(i.sys_time)
    unlock                                   0x08007acd   Thumb Code   204  ano_rc.o(i.unlock)
    CustomHID_DeviceDescriptor               0x08007ba8   Data          18  usb_desc.o(.constdata)
    CustomHID_ConfigDescriptor               0x08007bba   Data          41  usb_desc.o(.constdata)
    CustomHID_ReportDescriptor               0x08007be3   Data          33  usb_desc.o(.constdata)
    CustomHID_StringLangID                   0x08007c04   Data           4  usb_desc.o(.constdata)
    CustomHID_StringVendor                   0x08007c08   Data          20  usb_desc.o(.constdata)
    CustomHID_StringProduct                  0x08007c1c   Data          18  usb_desc.o(.constdata)
    Region$$Table$$Base                      0x08007c80   Number         0  anon$$obj.o(Region$$Table)
    Region$$Table$$Limit                     0x08007ca0   Number         0  anon$$obj.o(Region$$Table)
    ctrl_2_time                              0x20000000   Data           4  ano_ctrl.o(.data)
    ctrl_1_time                              0x20000004   Data           4  ano_ctrl.o(.data)
    ctrl_0_time                              0x20000008   Data           4  ano_ctrl.o(.data)
    thr                                      0x2000000c   Data           4  ano_ctrl.o(.data)
    thr_value                                0x20000010   Data           4  ano_ctrl.o(.data)
    exp_hspeed                               0x20000014   Data           4  ano_ctrl.o(.data)
    exp_hspeed_lpf                           0x20000018   Data           4  ano_ctrl.o(.data)
    out_rol_curve                            0x2000001c   Data           4  ano_ctrl.o(.data)
    out_pit_curve                            0x20000020   Data           4  ano_ctrl.o(.data)
    out_yaw_curve                            0x20000024   Data           4  ano_ctrl.o(.data)
    est_rol                                  0x20000028   Data           4  ano_ctrl.o(.data)
    est_pit                                  0x2000002c   Data           4  ano_ctrl.o(.data)
    est_yaw                                  0x20000030   Data           4  ano_ctrl.o(.data)
    motor                                    0x20000034   Data           8  ano_ctrl.o(.data)
    NRF_ENABLE                               0x2000003d   Data           1  ano_init.o(.data)
    flag                                     0x20000040   Data           3  ano_data.o(.data)
    gf                                       0x20000044   Data           8  ano_data.o(.data)
    imu_data                                 0x2000004c   Data          88  ano_imu.o(.data)
    err_lf_x                                 0x200000a4   Data           8  ano_imu.o(.data)
    err_lf_y                                 0x200000ac   Data           8  ano_imu.o(.data)
    err_lf_z                                 0x200000b4   Data           8  ano_imu.o(.data)
    save_pid_en                              0x200000bc   Data           2  ano_param.o(.data)
    fly_ready                                0x200000cc   Data           1  ano_rc.o(.data)
    fly_ready_cnt                            0x200000ce   Data           2  ano_rc.o(.data)
    HID_SEND_TIMEOUT                         0x200000d2   Data           1  ano_drv_hid.o(.data)
    hid_datatemp_begin                       0x200000d3   Data           1  ano_drv_hid.o(.data)
    hid_datatemp_end                         0x200000d4   Data           1  ano_drv_hid.o(.data)
    led_accuracy                             0x200000d8   Data           2  ano_drv_led.o(.data)
    on_time                                  0x200000dc   Data           4  ano_drv_led.o(.data)
    mpu6050_ok                               0x200000e8   Data           1  ano_drv_mpu6050.o(.data)
    MPU_ID                                   0x200000e9   Data           5  ano_drv_mpu6050.o(.data)
    acc_sum_cnt                              0x200000ee   Data           2  ano_drv_mpu6050.o(.data)
    gyro_sum_cnt                             0x200000f0   Data           2  ano_drv_mpu6050.o(.data)
    acc_3d_step                              0x200000f2   Data           1  ano_drv_mpu6050.o(.data)
    acc_3d_calibrate_f                       0x200000f3   Data           1  ano_drv_mpu6050.o(.data)
    TX_ADDRESS                               0x200000f4   Data           5  ano_drv_nrf24l01.o(.data)
    RX_ADDRESS                               0x200000f9   Data           5  ano_drv_nrf24l01.o(.data)
    NRF_SSI                                  0x200000fe   Data           1  ano_drv_nrf24l01.o(.data)
    NRF_SSI_CNT                              0x200000ff   Data           1  ano_drv_nrf24l01.o(.data)
    TxCounter                                0x20000100   Data           1  ano_drv_uart.o(.data)
    count                                    0x20000101   Data           1  ano_drv_uart.o(.data)
    TxCounter3                               0x20000105   Data           1  ano_drv_uart3.o(.data)
    count3                                   0x20000106   Data           1  ano_drv_uart3.o(.data)
    usTicks                                  0x20000108   Data           4  bsp_systick.o(.data)
    sysTickUptime                            0x2000010c   Data           4  bsp_systick.o(.data)
    mpu_test                                 0x20000110   Data           1  i2c_soft.o(.data)
    fast_atan_table                          0x20000114   Data        1028  mymath.o(.data)
    time_1h                                  0x20000518   Data           2  time.o(.data)
    time_1m                                  0x2000051a   Data           2  time.o(.data)
    time_1s                                  0x2000051c   Data           2  time.o(.data)
    time_1ms                                 0x2000051e   Data           2  time.o(.data)
    SystemCoreClock                          0x20000520   Data           4  system_stm32f10x.o(.data)
    AHBPrescTable                            0x20000524   Data          16  system_stm32f10x.o(.data)
    StatusInfo                               0x20000548   Data           2  usb_core.o(.data)
    Data_Mul_MaxPacketSize                   0x2000054a   Data           1  usb_core.o(.data)
    EPindex                                  0x2000054c   Data           1  usb_init.o(.data)
    pInformation                             0x20000550   Data           4  usb_init.o(.data)
    pProperty                                0x20000554   Data           4  usb_init.o(.data)
    SaveState                                0x20000558   Data           2  usb_init.o(.data)
    wInterrupt_Mask                          0x2000055a   Data           2  usb_init.o(.data)
    pUser_Standard_Requests                  0x2000055c   Data           4  usb_init.o(.data)
    SaveRState                               0x20000560   Data           2  usb_int.o(.data)
    SaveTState                               0x20000562   Data           2  usb_int.o(.data)
    CustomHID_StringSerial                   0x20000564   Data          26  usb_desc.o(.data)
    USB_ReceiveFlg                           0x2000057e   Data           1  usb_endp.o(.data)
    wIstr                                    0x20000580   Data           2  usb_istr.o(.data)
    bIntPackSOF                              0x20000582   Data           1  usb_istr.o(.data)
    pEpInt_IN                                0x20000584   Data          28  usb_istr.o(.data)
    pEpInt_OUT                               0x200005a0   Data          28  usb_istr.o(.data)
    ProtocolValue                            0x200005bc   Data           4  usb_prop.o(.data)
    Device_Table                             0x200005c0   Data           2  usb_prop.o(.data)
    Device_Property                          0x200005c4   Data          48  usb_prop.o(.data)
    User_Standard_Requests                   0x200005f4   Data          36  usb_prop.o(.data)
    Device_Descriptor                        0x20000618   Data           8  usb_prop.o(.data)
    Config_Descriptor                        0x20000620   Data           8  usb_prop.o(.data)
    CustomHID_Report_Descriptor              0x20000628   Data           8  usb_prop.o(.data)
    CustomHID_Hid_Descriptor                 0x20000630   Data           8  usb_prop.o(.data)
    String_Descriptor                        0x20000638   Data          32  usb_prop.o(.data)
    bDeviceState                             0x20000658   Data           4  usb_pwr.o(.data)
    fSuspendEnabled                          0x2000065c   Data           1  usb_pwr.o(.data)
    ResumeS                                  0x2000065d   Data           2  usb_pwr.o(.data)
    loop                                     0x20000664   Data          18  loop.o(.bss)
    test_time                                0x20000678   Data          40  loop.o(.bss)
    arg_2_rol                                0x200006a0   Data          20  ano_ctrl.o(.bss)
    arg_2_pit                                0x200006b4   Data          20  ano_ctrl.o(.bss)
    arg_2_yaw                                0x200006c8   Data          20  ano_ctrl.o(.bss)
    arg_1_rol                                0x200006dc   Data          20  ano_ctrl.o(.bss)
    arg_1_pit                                0x200006f0   Data          20  ano_ctrl.o(.bss)
    arg_1_yaw                                0x20000704   Data          20  ano_ctrl.o(.bss)
    arg_0_hs                                 0x20000718   Data          20  ano_ctrl.o(.bss)
    val_2_rol                                0x2000072c   Data          32  ano_ctrl.o(.bss)
    val_2_pit                                0x2000074c   Data          32  ano_ctrl.o(.bss)
    val_2_yaw                                0x2000076c   Data          32  ano_ctrl.o(.bss)
    val_1_rol                                0x2000078c   Data          32  ano_ctrl.o(.bss)
    val_1_pit                                0x200007ac   Data          32  ano_ctrl.o(.bss)
    val_1_yaw                                0x200007cc   Data          32  ano_ctrl.o(.bss)
    val_0_hs                                 0x200007ec   Data          32  ano_ctrl.o(.bss)
    ctrl_1                                   0x2000080c   Data          40  ano_ctrl.o(.bss)
    ctrl_2                                   0x20000834   Data          40  ano_ctrl.o(.bss)
    vec_err_i                                0x2000085c   Data          12  ano_imu.o(.bss)
    ANO_Param                                0x20000868   Data         160  ano_param.o(.bss)
    f                                        0x20000908   Data          19  ano_data_transfer.o(.bss)
    data_to_send                             0x2000091b   Data          50  ano_data_transfer.o(.bss)
    RX_CH                                    0x20000980   Data          16  ano_rc.o(.bss)
    CH_N                                     0x20000990   Data          16  ano_rc.o(.bss)
    Hid_RxData                               0x200009a0   Data          64  ano_drv_hid.o(.bss)
    hid_datatemp                             0x200009e0   Data         256  ano_drv_hid.o(.bss)
    mpu6050_buffer                           0x20000ae0   Data          14  ano_drv_mpu6050.o(.bss)
    sensor                                   0x20000af0   Data          80  ano_drv_mpu6050.o(.bss)
    sum_temp                                 0x20000b40   Data          28  ano_drv_mpu6050.o(.bss)
    acc_3d_cali                              0x20000b5c   Data          24  ano_drv_mpu6050.o(.bss)
    steepest_ax                              0x20000b74   Data          20  ano_drv_mpu6050.o(.bss)
    steepest_ay                              0x20000b88   Data          20  ano_drv_mpu6050.o(.bss)
    steepest_az                              0x20000b9c   Data          20  ano_drv_mpu6050.o(.bss)
    steepest_gx                              0x20000bb0   Data          20  ano_drv_mpu6050.o(.bss)
    steepest_gy                              0x20000bc4   Data          20  ano_drv_mpu6050.o(.bss)
    steepest_gz                              0x20000bd8   Data          20  ano_drv_mpu6050.o(.bss)
    steepest_ax_arr                          0x20000bec   Data         160  ano_drv_mpu6050.o(.bss)
    steepest_ay_arr                          0x20000c8c   Data         160  ano_drv_mpu6050.o(.bss)
    steepest_az_arr                          0x20000d2c   Data         160  ano_drv_mpu6050.o(.bss)
    steepest_gx_arr                          0x20000dcc   Data          20  ano_drv_mpu6050.o(.bss)
    steepest_gy_arr                          0x20000de0   Data          20  ano_drv_mpu6050.o(.bss)
    steepest_gz_arr                          0x20000df4   Data          20  ano_drv_mpu6050.o(.bss)
    NRF24L01_2_RXDATA                        0x20000e08   Data         255  ano_drv_nrf24l01.o(.bss)
    NRF24L01_2_TXDATA                        0x20000f07   Data         255  ano_drv_nrf24l01.o(.bss)
    TxBuffer                                 0x20001006   Data         256  ano_drv_uart.o(.bss)
    TxBuffer3                                0x20001206   Data         256  ano_drv_uart3.o(.bss)
    Device_Info                              0x20001308   Data          28  usb_init.o(.bss)
    Transi_Buffer                            0x20001324   Data          64  usb_endp.o(.bss)
    __initial_sp                             0x20001768   Data           0  startup_stm32f10x_md.o(STACK)



==============================================================================

Memory Map of the image

  Image Entry point : 0x080000ed

  Load Region LR_IROM1 (Base: 0x08000000, Size: 0x00008304, Max: 0x00010000, ABSOLUTE, COMPRESSED[0x0000815c])

    Execution Region ER_IROM1 (Base: 0x08000000, Size: 0x00007ca0, Max: 0x00010000, ABSOLUTE)

    Base Addr    Size         Type   Attr      Idx    E Section Name        Object

    0x08000000   0x000000ec   Data   RO         3294    RESET               startup_stm32f10x_md.o
    0x080000ec   0x00000000   Code   RO         4183  * .ARM.Collect$$$$00000000  mc_w.l(entry.o)
    0x080000ec   0x00000004   Code   RO         4244    .ARM.Collect$$$$00000001  mc_w.l(entry2.o)
    0x080000f0   0x00000004   Code   RO         4247    .ARM.Collect$$$$00000004  mc_w.l(entry5.o)
    0x080000f4   0x00000000   Code   RO         4249    .ARM.Collect$$$$00000008  mc_w.l(entry7b.o)
    0x080000f4   0x00000000   Code   RO         4251    .ARM.Collect$$$$0000000A  mc_w.l(entry8b.o)
    0x080000f4   0x00000008   Code   RO         4252    .ARM.Collect$$$$0000000B  mc_w.l(entry9a.o)
    0x080000fc   0x00000000   Code   RO         4254    .ARM.Collect$$$$0000000D  mc_w.l(entry10a.o)
    0x080000fc   0x00000000   Code   RO         4256    .ARM.Collect$$$$0000000F  mc_w.l(entry11a.o)
    0x080000fc   0x00000004   Code   RO         4245    .ARM.Collect$$$$00002712  mc_w.l(entry2.o)
    0x08000100   0x00000024   Code   RO         3295    .text               startup_stm32f10x_md.o
    0x08000124   0x000000b0   Code   RO         4186    .text               mf_w.l(fadd.o)
    0x080001d4   0x00000064   Code   RO         4188    .text               mf_w.l(fmul.o)
    0x08000238   0x0000007c   Code   RO         4190    .text               mf_w.l(fdiv.o)
    0x080002b4   0x0000014e   Code   RO         4192    .text               mf_w.l(dadd.o)
    0x08000402   0x000000e4   Code   RO         4194    .text               mf_w.l(dmul.o)
    0x080004e6   0x00000012   Code   RO         4196    .text               mf_w.l(fflti.o)
    0x080004f8   0x0000000a   Code   RO         4198    .text               mf_w.l(ffltui.o)
    0x08000502   0x00000032   Code   RO         4202    .text               mf_w.l(ffixi.o)
    0x08000534   0x00000028   Code   RO         4204    .text               mf_w.l(ffixui.o)
    0x0800055c   0x00000026   Code   RO         4206    .text               mf_w.l(f2d.o)
    0x08000582   0x00000038   Code   RO         4212    .text               mf_w.l(d2f.o)
    0x080005ba   0x00000002   PAD
    0x080005bc   0x00000014   Code   RO         4214    .text               mf_w.l(cfcmple.o)
    0x080005d0   0x00000014   Code   RO         4216    .text               mf_w.l(cfrcmple.o)
    0x080005e4   0x0000001e   Code   RO         4258    .text               mc_w.l(llshl.o)
    0x08000602   0x00000024   Code   RO         4260    .text               mc_w.l(llsshr.o)
    0x08000626   0x00000000   Code   RO         4269    .text               mc_w.l(iusefp.o)
    0x08000626   0x0000006e   Code   RO         4270    .text               mf_w.l(fepilogue.o)
    0x08000694   0x000000ba   Code   RO         4272    .text               mf_w.l(depilogue.o)
    0x0800074e   0x000000de   Code   RO         4274    .text               mf_w.l(ddiv.o)
    0x0800082c   0x0000002e   Code   RO         4276    .text               mf_w.l(dscalb.o)
    0x0800085a   0x00000002   PAD
    0x0800085c   0x00000024   Code   RO         4278    .text               mc_w.l(init.o)
    0x08000880   0x00000020   Code   RO         4280    .text               mc_w.l(llushr.o)
    0x080008a0   0x000000a2   Code   RO         4282    .text               mf_w.l(dsqrt.o)
    0x08000942   0x00000056   Code   RO         4292    .text               mc_w.l(__dczerorl2.o)
    0x08000998   0x00000480   Code   RO          494    i.ANO_DT_Data_Exchange  ano_data_transfer.o
    0x08000e18   0x000002e0   Code   RO          495    i.ANO_DT_Data_Receive_Anl  ano_data_transfer.o
    0x080010f8   0x000000e8   Code   RO          496    i.ANO_DT_Data_Receive_Prepare  ano_data_transfer.o
    0x080011e0   0x00000044   Code   RO          497    i.ANO_DT_Send_Check  ano_data_transfer.o
    0x08001224   0x00000014   Code   RO          498    i.ANO_DT_Send_Data  ano_data_transfer.o
    0x08001238   0x0000012c   Code   RO          500    i.ANO_DT_Send_MotoPWM  ano_data_transfer.o
    0x08001364   0x00000044   Code   RO          501    i.ANO_DT_Send_Msg   ano_data_transfer.o
    0x080013a8   0x00000184   Code   RO          502    i.ANO_DT_Send_PID   ano_data_transfer.o
    0x0800152c   0x0000008c   Code   RO          503    i.ANO_DT_Send_Power  ano_data_transfer.o
    0x080015b8   0x00000164   Code   RO          504    i.ANO_DT_Send_RCData  ano_data_transfer.o
    0x0800171c   0x0000019c   Code   RO          505    i.ANO_DT_Send_Senser  ano_data_transfer.o
    0x080018b8   0x00000144   Code   RO          508    i.ANO_DT_Send_Status  ano_data_transfer.o
    0x080019fc   0x000000f8   Code   RO          509    i.ANO_DT_Send_User  ano_data_transfer.o
    0x08001af4   0x000000c4   Code   RO          510    i.ANO_DT_Send_Version  ano_data_transfer.o
    0x08001bb8   0x00000044   Code   RO         1466    i.ANO_Flash_Read    ano_drv_flash.o
    0x08001bfc   0x00000068   Code   RO         1467    i.ANO_Flash_Write   ano_drv_flash.o
    0x08001c64   0x00000010   Code   RO          742    i.ANO_LED_0_OFF     ano_drv_led.o
    0x08001c74   0x00000010   Code   RO          743    i.ANO_LED_0_ON      ano_drv_led.o
    0x08001c84   0x00000040   Code   RO          744    i.ANO_LED_Init      ano_drv_led.o
    0x08001cc4   0x00000044   Code   RO          922    i.ANO_NRF_Check     ano_drv_nrf24l01.o
    0x08001d08   0x00000074   Code   RO          923    i.ANO_NRF_Check_Event  ano_drv_nrf24l01.o
    0x08001d7c   0x000000e8   Code   RO          924    i.ANO_NRF_Init      ano_drv_nrf24l01.o
    0x08001e64   0x00000034   Code   RO          925    i.ANO_NRF_Read_Buf  ano_drv_nrf24l01.o
    0x08001e98   0x0000001e   Code   RO          926    i.ANO_NRF_Read_Reg  ano_drv_nrf24l01.o
    0x08001eb6   0x00000002   PAD
    0x08001eb8   0x00000020   Code   RO          927    i.ANO_NRF_TxPacket  ano_drv_nrf24l01.o
    0x08001ed8   0x00000032   Code   RO          929    i.ANO_NRF_Write_Buf  ano_drv_nrf24l01.o
    0x08001f0a   0x00000020   Code   RO          930    i.ANO_NRF_Write_Reg  ano_drv_nrf24l01.o
    0x08001f2a   0x00000002   PAD
    0x08001f2c   0x0000008c   Code   RO          457    i.ANO_Param_Init    ano_param.o
    0x08001fb8   0x0000001c   Code   RO          458    i.ANO_Param_Read    ano_param.o
    0x08001fd4   0x00000014   Code   RO          459    i.ANO_Param_Save    ano_param.o
    0x08001fe8   0x00000014   Code   RO          989    i.ANO_SPI_CSN_H     ano_drv_spi.o
    0x08001ffc   0x00000014   Code   RO          990    i.ANO_SPI_CSN_L     ano_drv_spi.o
    0x08002010   0x000000a8   Code   RO          991    i.ANO_SPI_Init      ano_drv_spi.o
    0x080020b8   0x00000038   Code   RO          992    i.ANO_SPI_RW        ano_drv_spi.o
    0x080020f0   0x0000008c   Code   RO         1067    i.ANO_UART3_IRQ     ano_drv_uart3.o
    0x0800217c   0x000000d0   Code   RO         1068    i.ANO_UART3_Init    ano_drv_uart3.o
    0x0800224c   0x0000004c   Code   RO         1069    i.ANO_UART3_Put_Buf  ano_drv_uart3.o
    0x08002298   0x0000000c   Code   RO         3516    i.ByteSwap          usb_regs.o
    0x080022a4   0x00000038   Code   RO          240    i.CTRL_0            ano_ctrl.o
    0x080022dc   0x00000078   Code   RO          241    i.CTRL_0_PID_Init   ano_ctrl.o
    0x08002354   0x000000a0   Code   RO          242    i.CTRL_1            ano_ctrl.o
    0x080023f4   0x0000014c   Code   RO          243    i.CTRL_1_PID_Init   ano_ctrl.o
    0x08002540   0x0000009c   Code   RO          244    i.CTRL_2            ano_ctrl.o
    0x080025dc   0x00000134   Code   RO          245    i.CTRL_2_PID_Init   ano_ctrl.o
    0x08002710   0x00000644   Code   RO          246    i.CTRL_Duty         ano_ctrl.o
    0x08002d54   0x00000328   Code   RO         3469    i.CTR_LP            usb_int.o
    0x0800307c   0x00000034   Code   RO         3517    i.ClearDTOG_RX      usb_regs.o
    0x080030b0   0x00000034   Code   RO         3518    i.ClearDTOG_TX      usb_regs.o
    0x080030e4   0x00000020   Code   RO         3523    i.Clear_Status_Out  usb_regs.o
    0x08003104   0x0000007c   Code   RO         4018    i.CustomHID_Data_Setup  usb_prop.o
    0x08003180   0x00000014   Code   RO         4019    i.CustomHID_GetConfigDescriptor  usb_prop.o
    0x08003194   0x00000014   Code   RO         4020    i.CustomHID_GetDeviceDescriptor  usb_prop.o
    0x080031a8   0x00000014   Code   RO         4021    i.CustomHID_GetHIDDescriptor  usb_prop.o
    0x080031bc   0x0000001c   Code   RO         4022    i.CustomHID_GetProtocolValue  usb_prop.o
    0x080031d8   0x00000014   Code   RO         4023    i.CustomHID_GetReportDescriptor  usb_prop.o
    0x080031ec   0x00000028   Code   RO         4024    i.CustomHID_GetStringDescriptor  usb_prop.o
    0x08003214   0x00000016   Code   RO         4025    i.CustomHID_Get_Interface_Setting  usb_prop.o
    0x0800322a   0x00000002   PAD
    0x0800322c   0x00000024   Code   RO         4026    i.CustomHID_NoData_Setup  usb_prop.o
    0x08003250   0x000000c0   Code   RO         4027    i.CustomHID_Reset   usb_prop.o
    0x08003310   0x00000018   Code   RO         4028    i.CustomHID_SetConfiguration  usb_prop.o
    0x08003328   0x0000000c   Code   RO         4029    i.CustomHID_SetDeviceAddress  usb_prop.o
    0x08003334   0x00000018   Code   RO         4030    i.CustomHID_SetProtocol  usb_prop.o
    0x0800334c   0x00000002   Code   RO         4031    i.CustomHID_Status_In  usb_prop.o
    0x0800334e   0x00000002   Code   RO         4032    i.CustomHID_Status_Out  usb_prop.o
    0x08003350   0x00000044   Code   RO         4033    i.CustomHID_init    usb_prop.o
    0x08003394   0x000000c0   Code   RO         3299    i.DataStageIn       usb_core.o
    0x08003454   0x000000bc   Code   RO         3300    i.DataStageOut      usb_core.o
    0x08003510   0x00000298   Code   RO         3301    i.Data_Setup0       usb_core.o
    0x080037a8   0x00000012   Code   RO         1153    i.Delay             bsp_systick.o
    0x080037ba   0x0000001a   Code   RO         1154    i.Delay_ms          bsp_systick.o
    0x080037d4   0x00000018   Code   RO         1155    i.Delay_us          bsp_systick.o
    0x080037ec   0x00000002   Code   RO          138    i.Duty_10ms         loop.o
    0x080037ee   0x00000002   PAD
    0x080037f0   0x00000010   Code   RO          139    i.Duty_20ms         loop.o
    0x08003800   0x0000007c   Code   RO          140    i.Duty_2ms          loop.o
    0x0800387c   0x0000000e   Code   RO          141    i.Duty_50ms         loop.o
    0x0800388a   0x00000002   PAD
    0x0800388c   0x00000040   Code   RO          142    i.Duty_6ms          loop.o
    0x080038cc   0x00000024   Code   RO         3964    i.EP1_OUT_Callback  usb_endp.o
    0x080038f0   0x00000018   Code   RO         3965    i.EP2_IN_Callback   usb_endp.o
    0x08003908   0x0000000c   Code   RO         3877    i.Enter_LowPowerMode  usb_config.o
    0x08003914   0x0000004c   Code   RO         1937    i.FLASH_ErasePage   stm32f10x_flash.o
    0x08003960   0x00000034   Code   RO         1938    i.FLASH_GetBank1Status  stm32f10x_flash.o
    0x08003994   0x00000040   Code   RO         1950    i.FLASH_ProgramHalfWord  stm32f10x_flash.o
    0x080039d4   0x00000018   Code   RO         1955    i.FLASH_Unlock      stm32f10x_flash.o
    0x080039ec   0x00000026   Code   RO         1959    i.FLASH_WaitForLastOperation  stm32f10x_flash.o
    0x08003a12   0x00000116   Code   RO         2112    i.GPIO_Init         stm32f10x_gpio.o
    0x08003b28   0x00000090   Code   RO         2114    i.GPIO_PinRemapConfig  stm32f10x_gpio.o
    0x08003bb8   0x00000004   Code   RO         2119    i.GPIO_ResetBits    stm32f10x_gpio.o
    0x08003bbc   0x00000004   Code   RO         2120    i.GPIO_SetBits      stm32f10x_gpio.o
    0x08003bc0   0x00000010   Code   RO         2121    i.GPIO_StructInit   stm32f10x_gpio.o
    0x08003bd0   0x00000020   Code   RO         3535    i.GetEPRxAddr       usb_regs.o
    0x08003bf0   0x00000020   Code   RO         3538    i.GetEPTxAddr       usb_regs.o
    0x08003c10   0x00000044   Code   RO         1156    i.GetSysTime_us     bsp_systick.o
    0x08003c54   0x00000048   Code   RO         3878    i.Get_SerialNum     usb_config.o
    0x08003c9c   0x00000034   Code   RO         1208    i.I2c_Soft_Ask      i2c_soft.o
    0x08003cd0   0x00000044   Code   RO         1209    i.I2c_Soft_Init     i2c_soft.o
    0x08003d14   0x00000034   Code   RO         1210    i.I2c_Soft_NoAsk    i2c_soft.o
    0x08003d48   0x00000060   Code   RO         1211    i.I2c_Soft_ReadByte  i2c_soft.o
    0x08003da8   0x00000050   Code   RO         1212    i.I2c_Soft_SendByte  i2c_soft.o
    0x08003df8   0x00000058   Code   RO         1213    i.I2c_Soft_Start    i2c_soft.o
    0x08003e50   0x00000034   Code   RO         1214    i.I2c_Soft_Stop     i2c_soft.o
    0x08003e84   0x00000054   Code   RO         1215    i.I2c_Soft_WaitAsk  i2c_soft.o
    0x08003ed8   0x0000000a   Code   RO         1216    i.I2c_Soft_delay    i2c_soft.o
    0x08003ee2   0x00000002   PAD
    0x08003ee4   0x00000074   Code   RO         1218    i.IIC_Read_nByte    i2c_soft.o
    0x08003f58   0x0000003e   Code   RO         1219    i.IIC_Write_1Byte   i2c_soft.o
    0x08003f96   0x00000042   Code   RO          800    i.IICwriteBit       ano_drv_mpu6050.o
    0x08003fd8   0x00000066   Code   RO          801    i.IICwriteBits      ano_drv_mpu6050.o
    0x0800403e   0x00000002   PAD
    0x08004040   0x00000798   Code   RO          435    i.IMU_update        ano_imu.o
    0x080047d8   0x00000070   Code   RO         3302    i.In0_Process       usb_core.o
    0x08004848   0x0000004c   Code   RO          745    i.LED_1ms_DRV       ano_drv_led.o
    0x08004894   0x00000030   Code   RO          746    i.LED_Dyty          ano_drv_led.o
    0x080048c4   0x00000064   Code   RO          375    i.LPF_1             filter.o
    0x08004928   0x00000020   Code   RO         3879    i.Leave_LowPowerMode  usb_config.o
    0x08004948   0x00000064   Code   RO          143    i.Loop_check        loop.o
    0x080049ac   0x000001e0   Code   RO          802    i.MPU6050_Data_Offset  ano_drv_mpu6050.o
    0x08004b8c   0x0000039c   Code   RO          803    i.MPU6050_Data_Prepare  ano_drv_mpu6050.o
    0x08004f28   0x00000002   Code   RO          804    i.MPU6050_INT_Config  ano_drv_mpu6050.o
    0x08004f2a   0x00000002   PAD
    0x08004f2c   0x000000f4   Code   RO          805    i.MPU6050_Init      ano_drv_mpu6050.o
    0x08005020   0x00000014   Code   RO          806    i.MPU6050_Read      ano_drv_mpu6050.o
    0x08005034   0x00000014   Code   RO          807    i.MPU6050_setClockSource  ano_drv_mpu6050.o
    0x08005048   0x00000014   Code   RO          808    i.MPU6050_setDLPF   ano_drv_mpu6050.o
    0x0800505c   0x00000024   Code   RO          809    i.MPU6050_setFullScaleAccelRange  ano_drv_mpu6050.o
    0x08005080   0x00000024   Code   RO          810    i.MPU6050_setFullScaleGyroRange  ano_drv_mpu6050.o
    0x080050a4   0x00000012   Code   RO          811    i.MPU6050_setI2CBypassEnabled  ano_drv_mpu6050.o
    0x080050b6   0x00000012   Code   RO          812    i.MPU6050_setI2CMasterModeEnabled  ano_drv_mpu6050.o
    0x080050c8   0x00000012   Code   RO          813    i.MPU6050_setSleepEnabled  ano_drv_mpu6050.o
    0x080050da   0x0000001c   Code   RO          814    i.MPU6050_set_SMPLRT_DIV  ano_drv_mpu6050.o
    0x080050f6   0x00000002   Code   RO         3303    i.NOP_Process       usb_core.o
    0x080050f8   0x00000070   Code   RO         1545    i.NVIC_Init         misc.o
    0x08005168   0x00000014   Code   RO         1546    i.NVIC_PriorityGroupConfig  misc.o
    0x0800517c   0x00000144   Code   RO         3304    i.NoData_Setup0     usb_core.o
    0x080052c0   0x00000050   Code   RO         3305    i.Out0_Process      usb_core.o
    0x08005310   0x00000034   Code   RO          460    i.PID_Save_Overtime  ano_param.o
    0x08005344   0x00000140   Code   RO          363    i.PID_calculate     ano_pid.o
    0x08005484   0x00000028   Code   RO         3498    i.PMAToUserBufferCopy  usb_mem.o
    0x080054ac   0x00000048   Code   RO         3306    i.Post0_Process     usb_core.o
    0x080054f4   0x00000040   Code   RO         4132    i.PowerOn           usb_pwr.o
    0x08005534   0x00000020   Code   RO         2222    i.RCC_APB1PeriphClockCmd  stm32f10x_rcc.o
    0x08005554   0x00000020   Code   RO         2224    i.RCC_APB2PeriphClockCmd  stm32f10x_rcc.o
    0x08005574   0x000000d4   Code   RO         2232    i.RCC_GetClocksFreq  stm32f10x_rcc.o
    0x08005648   0x0000000c   Code   RO         2250    i.RCC_USBCLKConfig  stm32f10x_rcc.o
    0x08005654   0x00000034   Code   RO          608    i.RC_duty           ano_rc.o
    0x08005688   0x000000b0   Code   RO         4133    i.Resume            usb_pwr.o
    0x08005738   0x00000024   Code   RO         4134    i.Resume_Init       usb_pwr.o
    0x0800575c   0x00000018   Code   RO         2425    i.SPI_Cmd           stm32f10x_spi.o
    0x08005774   0x00000012   Code   RO         2433    i.SPI_I2S_GetFlagStatus  stm32f10x_spi.o
    0x08005786   0x00000006   Code   RO         2436    i.SPI_I2S_ReceiveData  stm32f10x_spi.o
    0x0800578c   0x00000004   Code   RO         2437    i.SPI_I2S_SendData  stm32f10x_spi.o
    0x08005790   0x0000003c   Code   RO         2438    i.SPI_Init          stm32f10x_spi.o
    0x080057cc   0x00000010   Code   RO         3546    i.SetBTABLE         usb_regs.o
    0x080057dc   0x0000004c   Code   RO         3307    i.SetDeviceAddress  usb_core.o
    0x08005828   0x00000024   Code   RO         3560    i.SetEPRxAddr       usb_regs.o
    0x0800584c   0x0000004c   Code   RO         3561    i.SetEPRxCount      usb_regs.o
    0x08005898   0x00000038   Code   RO         3562    i.SetEPRxStatus     usb_regs.o
    0x080058d0   0x0000002c   Code   RO         3563    i.SetEPRxValid      usb_regs.o
    0x080058fc   0x00000020   Code   RO         3564    i.SetEPTxAddr       usb_regs.o
    0x0800591c   0x0000001c   Code   RO         3565    i.SetEPTxCount      usb_regs.o
    0x08005938   0x00000038   Code   RO         3566    i.SetEPTxStatus     usb_regs.o
    0x08005970   0x0000002c   Code   RO         3567    i.SetEPTxValid      usb_regs.o
    0x0800599c   0x00000024   Code   RO         3568    i.SetEPType         usb_regs.o
    0x080059c0   0x00000008   Code   RO         1498    i.SetSysClock       system_stm32f10x.o
    0x080059c8   0x000000e0   Code   RO         1499    i.SetSysClockTo72   system_stm32f10x.o
    0x08005aa8   0x00000012   Code   RO         3880    i.Set_USBClock      usb_config.o
    0x08005aba   0x00000002   PAD
    0x08005abc   0x000000b0   Code   RO         3308    i.Setup0_Process    usb_core.o
    0x08005b6c   0x0000015c   Code   RO         3309    i.Standard_ClearFeature  usb_core.o
    0x08005cc8   0x0000002c   Code   RO         3310    i.Standard_GetConfiguration  usb_core.o
    0x08005cf4   0x00000024   Code   RO         3311    i.Standard_GetDescriptorData  usb_core.o
    0x08005d18   0x0000002c   Code   RO         3312    i.Standard_GetInterface  usb_core.o
    0x08005d44   0x000000f0   Code   RO         3313    i.Standard_GetStatus  usb_core.o
    0x08005e34   0x00000048   Code   RO         3314    i.Standard_SetConfiguration  usb_core.o
    0x08005e7c   0x00000028   Code   RO         3315    i.Standard_SetDeviceFeature  usb_core.o
    0x08005ea4   0x000000c0   Code   RO         3316    i.Standard_SetEndPointFeature  usb_core.o
    0x08005f64   0x0000006c   Code   RO         3317    i.Standard_SetInterface  usb_core.o
    0x08005fd0   0x00000028   Code   RO         4135    i.Suspend           usb_pwr.o
    0x08005ff8   0x00000008   Code   RO         1111    i.SysTick_Handler   stm32f10x_it.o
    0x08006000   0x0000001c   Code   RO         1157    i.SysTick_IRQ       bsp_systick.o
    0x0800601c   0x00000060   Code   RO         1501    i.SystemInit        system_stm32f10x.o
    0x0800607c   0x00000018   Code   RO         2568    i.TIM_ARRPreloadConfig  stm32f10x_tim.o
    0x08006094   0x00000018   Code   RO         2580    i.TIM_Cmd           stm32f10x_tim.o
    0x080060ac   0x00000098   Code   RO         2609    i.TIM_OC1Init       stm32f10x_tim.o
    0x08006144   0x00000012   Code   RO         2612    i.TIM_OC1PreloadConfig  stm32f10x_tim.o
    0x08006156   0x00000002   PAD
    0x08006158   0x000000a4   Code   RO         2614    i.TIM_OC2Init       stm32f10x_tim.o
    0x080061fc   0x0000001a   Code   RO         2617    i.TIM_OC2PreloadConfig  stm32f10x_tim.o
    0x08006216   0x00000002   PAD
    0x08006218   0x000000a0   Code   RO         2619    i.TIM_OC3Init       stm32f10x_tim.o
    0x080062b8   0x00000012   Code   RO         2622    i.TIM_OC3PreloadConfig  stm32f10x_tim.o
    0x080062ca   0x00000002   PAD
    0x080062cc   0x0000007c   Code   RO         2624    i.TIM_OC4Init       stm32f10x_tim.o
    0x08006348   0x0000001a   Code   RO         2626    i.TIM_OC4PreloadConfig  stm32f10x_tim.o
    0x08006362   0x00000014   Code   RO         2627    i.TIM_OCStructInit  stm32f10x_tim.o
    0x08006376   0x00000002   PAD
    0x08006378   0x000000a4   Code   RO         2651    i.TIM_TimeBaseInit  stm32f10x_tim.o
    0x0800641c   0x00000012   Code   RO         2652    i.TIM_TimeBaseStructInit  stm32f10x_tim.o
    0x0800642e   0x00000008   Code   RO         1112    i.USART1_IRQHandler  stm32f10x_it.o
    0x08006436   0x00000008   Code   RO         1113    i.USART3_IRQHandler  stm32f10x_it.o
    0x0800643e   0x00000022   Code   RO         3114    i.USART_ClockInit   stm32f10x_usart.o
    0x08006460   0x00000018   Code   RO         3116    i.USART_Cmd         stm32f10x_usart.o
    0x08006478   0x0000001a   Code   RO         3119    i.USART_GetFlagStatus  stm32f10x_usart.o
    0x08006492   0x0000004a   Code   RO         3122    i.USART_ITConfig    stm32f10x_usart.o
    0x080064dc   0x000000d8   Code   RO         3123    i.USART_Init        stm32f10x_usart.o
    0x080065b4   0x0000000a   Code   RO         3130    i.USART_ReceiveData  stm32f10x_usart.o
    0x080065be   0x00000002   Code   RO         3881    i.USB_Cable_Config  usb_config.o
    0x080065c0   0x00000058   Code   RO         3882    i.USB_Connect       usb_config.o
    0x08006618   0x00000002   Code   RO         3883    i.USB_GPIO_Configuration  usb_config.o
    0x0800661a   0x00000002   PAD
    0x0800661c   0x00000030   Code   RO          701    i.USB_HID_Init      ano_drv_hid.o
    0x0800664c   0x00000002   Code   RO         1114    i.USB_HP_CAN1_TX_IRQHandler  stm32f10x_it.o
    0x0800664e   0x00000002   PAD
    0x08006650   0x0000003c   Code   RO         3445    i.USB_Init          usb_init.o
    0x0800668c   0x00000022   Code   RO         3884    i.USB_Interrupts_Config  usb_config.o
    0x080066ae   0x00000002   PAD
    0x080066b0   0x000000f8   Code   RO         3997    i.USB_Istr          usb_istr.o
    0x080067a8   0x00000008   Code   RO         1115    i.USB_LP_CAN1_RX0_IRQHandler  stm32f10x_it.o
    0x080067b0   0x00000164   Code   RO         1020    i.Uart1_IRQ         ano_drv_uart.o
    0x08006914   0x0000002c   Code   RO          702    i.Usb_Hid_Adddata   ano_drv_hid.o
    0x08006940   0x00000034   Code   RO          703    i.Usb_Hid_Receive   ano_drv_hid.o
    0x08006974   0x000001d0   Code   RO          704    i.Usb_Hid_Send      ano_drv_hid.o
    0x08006b44   0x00000038   Code   RO         3499    i.UserToPMABufferCopy  usb_mem.o
    0x08006b7c   0x00000028   Code   RO         4232    i.__ARM_fpclassify  m_ws.l(fpclassify.o)
    0x08006ba4   0x000000aa   Code   RO         4234    i.__kernel_poly     m_ws.l(poly.o)
    0x08006c4e   0x00000006   Code   RO         4219    i.__mathlib_dbl_infnan  m_ws.l(dunder.o)
    0x08006c54   0x0000000c   Code   RO         4221    i.__mathlib_dbl_invalid  m_ws.l(dunder.o)
    0x08006c60   0x00000010   Code   RO         4224    i.__mathlib_dbl_underflow  m_ws.l(dunder.o)
    0x08006c70   0x0000000e   Code   RO         4286    i.__scatterload_copy  mc_w.l(handlers.o)
    0x08006c7e   0x00000002   Code   RO         4287    i.__scatterload_null  mc_w.l(handlers.o)
    0x08006c80   0x0000000e   Code   RO         4288    i.__scatterload_zeroinit  mc_w.l(handlers.o)
    0x08006c8e   0x00000002   PAD
    0x08006c90   0x0000000c   Code   RO         4264    i.__set_errno       mc_w.l(errno.o)
    0x08006c9c   0x00000270   Code   RO         4174    i.asin              m_ws.l(asin.o)
    0x08006f0c   0x00000024   Code   RO         1158    i.cycleCounterInit  bsp_systick.o
    0x08006f30   0x00000024   Code   RO          609    i.fail_safe         ano_rc.o
    0x08006f54   0x00000038   Code   RO          610    i.fail_safe_check   ano_rc.o
    0x08006f8c   0x0000016c   Code   RO         1297    i.fast_atan2        mymath.o
    0x080070f8   0x000000d4   Code   RO          747    i.led_breath        ano_drv_led.o
    0x080071cc   0x000000ac   Code   RO          748    i.led_flash         ano_drv_led.o
    0x08007278   0x00000058   Code   RO          379    i.limit_filter      filter.o
    0x080072d0   0x0000000c   Code   RO            1    i.main              main.o
    0x080072dc   0x00000084   Code   RO          144    i.main_loop         loop.o
    0x08007360   0x000000d4   Code   RO          247    i.motor_ctrl        ano_ctrl.o
    0x08007434   0x0000004c   Code   RO         1445    i.motor_out         ano_motor.o
    0x08007480   0x00000070   Code   RO          815    i.mpu_type          ano_drv_mpu6050.o
    0x080074f0   0x00000018   Code   RO         1300    i.my_abs            mymath.o
    0x08007508   0x00000048   Code   RO         1303    i.my_deadzone       mymath.o
    0x08007550   0x00000078   Code   RO         1309    i.my_sqrt           mymath.o
    0x080075c8   0x00000010   Code   RO          248    i.pid_init          ano_ctrl.o
    0x080075d8   0x000000f0   Code   RO         1446    i.pwm_out_init      ano_motor.o
    0x080076c8   0x0000001e   Code   RO         1310    i.safe_div          mymath.o
    0x080076e6   0x00000070   Code   RO         1311    i.second_degree     mymath.o
    0x08007756   0x00000048   Code   RO          816    i.sensor_dir        ano_drv_mpu6050.o
    0x0800779e   0x0000004c   Code   RO         4237    i.sqrt              m_ws.l(sqrt.o)
    0x080077ea   0x00000190   Code   RO          381    i.steepest_descend  filter.o
    0x0800797a   0x00000002   PAD
    0x0800797c   0x000000c0   Code   RO          329    i.sys_init          ano_init.o
    0x08007a3c   0x00000090   Code   RO         1412    i.sys_time          time.o
    0x08007acc   0x000000dc   Code   RO          611    i.unlock            ano_rc.o
    0x08007ba8   0x00000086   Data   RO         3951    .constdata          usb_desc.o
    0x08007c2e   0x00000002   PAD
    0x08007c30   0x00000050   Data   RO         4175    .constdata          m_ws.l(asin.o)
    0x08007c80   0x00000020   Data   RO         4284    Region$$Table       anon$$obj.o


    Execution Region RW_IRAM1 (Base: 0x20000000, Size: 0x00001768, Max: 0x00005000, ABSOLUTE, COMPRESSED[0x000004bc])

    Base Addr    Size         Type   Attr      Idx    E Section Name        Object

    0x20000000   0x0000003d   Data   RW          250    .data               ano_ctrl.o
    0x2000003d   0x00000001   Data   RW          330    .data               ano_init.o
    0x2000003e   0x00000002   PAD
    0x20000040   0x0000000c   Data   RW          351    .data               ano_data.o
    0x2000004c   0x00000070   Data   RW          437    .data               ano_imu.o
    0x200000bc   0x00000002   Data   RW          462    .data               ano_param.o
    0x200000be   0x0000000d   Data   RW          512    .data               ano_data_transfer.o
    0x200000cb   0x00000001   PAD
    0x200000cc   0x00000006   Data   RW          613    .data               ano_rc.o
    0x200000d2   0x00000004   Data   RW          706    .data               ano_drv_hid.o
    0x200000d6   0x00000002   PAD
    0x200000d8   0x00000010   Data   RW          749    .data               ano_drv_led.o
    0x200000e8   0x0000000c   Data   RW          818    .data               ano_drv_mpu6050.o
    0x200000f4   0x0000000c   Data   RW          932    .data               ano_drv_nrf24l01.o
    0x20000100   0x00000005   Data   RW         1026    .data               ano_drv_uart.o
    0x20000105   0x00000002   Data   RW         1073    .data               ano_drv_uart3.o
    0x20000107   0x00000001   PAD
    0x20000108   0x00000008   Data   RW         1159    .data               bsp_systick.o
    0x20000110   0x00000001   Data   RW         1221    .data               i2c_soft.o
    0x20000111   0x00000003   PAD
    0x20000114   0x00000404   Data   RW         1312    .data               mymath.o
    0x20000518   0x00000008   Data   RW         1413    .data               time.o
    0x20000520   0x00000014   Data   RW         1502    .data               system_stm32f10x.o
    0x20000534   0x00000014   Data   RW         2252    .data               stm32f10x_rcc.o
    0x20000548   0x00000003   Data   RW         3318    .data               usb_core.o
    0x2000054b   0x00000001   PAD
    0x2000054c   0x00000014   Data   RW         3447    .data               usb_init.o
    0x20000560   0x00000004   Data   RW         3470    .data               usb_int.o
    0x20000564   0x0000001a   Data   RW         3952    .data               usb_desc.o
    0x2000057e   0x00000001   Data   RW         3967    .data               usb_endp.o
    0x2000057f   0x00000001   PAD
    0x20000580   0x0000003c   Data   RW         3998    .data               usb_istr.o
    0x200005bc   0x0000009c   Data   RW         4034    .data               usb_prop.o
    0x20000658   0x00000007   Data   RW         4136    .data               usb_pwr.o
    0x2000065f   0x00000001   PAD
    0x20000660   0x00000004   Data   RW         4265    .data               mc_w.l(errno.o)
    0x20000664   0x0000003c   Zero   RW          145    .bss                loop.o
    0x200006a0   0x000001bc   Zero   RW          249    .bss                ano_ctrl.o
    0x2000085c   0x0000000c   Zero   RW          436    .bss                ano_imu.o
    0x20000868   0x000000a0   Zero   RW          461    .bss                ano_param.o
    0x20000908   0x00000077   Zero   RW          511    .bss                ano_data_transfer.o
    0x2000097f   0x00000001   PAD
    0x20000980   0x00000020   Zero   RW          612    .bss                ano_rc.o
    0x200009a0   0x00000140   Zero   RW          705    .bss                ano_drv_hid.o
    0x20000ae0   0x00000328   Zero   RW          817    .bss                ano_drv_mpu6050.o
    0x20000e08   0x000001fe   Zero   RW          931    .bss                ano_drv_nrf24l01.o
    0x20001006   0x00000200   Zero   RW         1025    .bss                ano_drv_uart.o
    0x20001206   0x00000100   Zero   RW         1072    .bss                ano_drv_uart3.o
    0x20001306   0x00000002   PAD
    0x20001308   0x0000001c   Zero   RW         3446    .bss                usb_init.o
    0x20001324   0x00000040   Zero   RW         3966    .bss                usb_endp.o
    0x20001364   0x00000004   PAD
    0x20001368   0x00000400   Zero   RW         3292    STACK               startup_stm32f10x_md.o


==============================================================================

Image component sizes


      Code (inc. data)   RO Data    RW Data    ZI Data      Debug   Object Name

      2964        360          0         61        444       9721   ano_ctrl.o
         0          0          0         12          0        918   ano_data.o
      4640        188          0         13        119      13343   ano_data_transfer.o
       172         10          0          0          0       1847   ano_drv_flash.o
       608         48          0          4        320       3209   ano_drv_hid.o
       604         84          0         16          0       3915   ano_drv_led.o
      2216        128          0         12        808      23181   ano_drv_mpu6050.o
       612         30          0         12        510       6294   ano_drv_nrf24l01.o
       264         26          0          0          0       2016   ano_drv_spi.o
       356         32          0          5        512       1383   ano_drv_uart.o
       424         42          0          2        256       2615   ano_drv_uart3.o
      1944         56          0        112         12       2377   ano_imu.o
       192         22          0          1          0      16043   ano_init.o
       316         18          0          0          0       1515   ano_motor.o
       240         18          0          2        160       3103   ano_param.o
       320          6          0          0          0       1128   ano_pid.o
       364         36          0          6         32       2662   ano_rc.o
       200         26          0          8          0       3423   bsp_systick.o
         0          0          0          0          0         32   core_cm3.o
       588          6          0          0          0       2650   filter.o
       760         38          0          1          0       6479   i2c_soft.o
       452         48          0          0         60       5114   loop.o
        12          0          0          0          0     269177   main.o
       132         22          0          0          0       1483   misc.o
       722         26          0       1028          0       4499   mymath.o
        36          8        236          0       1024        900   startup_stm32f10x_md.o
       254         24          0          0          0       2853   stm32f10x_flash.o
       446          6          0          0          0       4272   stm32f10x_gpio.o
        34          0          0          0          0       2263   stm32f10x_it.o
       288         38          0         20          0       4865   stm32f10x_rcc.o
       112          0          0          0          0       3710   stm32f10x_spi.o
       938         92          0          0          0       8296   stm32f10x_tim.o
       384          6          0          0          0       5314   stm32f10x_usart.o
       328         28          0         20          0       2217   system_stm32f10x.o
       144         18          0          8          0        766   time.o
       260         34          0          0          0       4351   usb_config.o
      3010        288          0          3          0      16371   usb_core.o
         0          0        134         26          0       1024   usb_desc.o
        60         12          0          1         64       1560   usb_endp.o
        60         24          0         20         28       3934   usb_init.o
       808         34          0          4          0       1613   usb_int.o
       248         26          0         60          0       1272   usb_istr.o
        96         10          0          0          0       1632   usb_mem.o
       654        116          0        156          0      12081   usb_prop.o
       316         38          0          7          0       3342   usb_pwr.o
       636         96          0          0          0       8528   usb_regs.o

    ----------------------------------------------------------------------
     28248       2168        404       1632       4356     479291   Object Totals
         0          0         32          0          0          0   (incl. Generated)
        34          0          2         12          7          0   (incl. Padding)

    ----------------------------------------------------------------------

      Code (inc. data)   RO Data    RW Data    ZI Data      Debug   Library Member Name

       624         52         80          0          0        168   asin.o
        34          6          0          0          0        204   dunder.o
        40          0          0          0          0         68   fpclassify.o
       170          0          0          0          0         96   poly.o
        76          0          0          0          0         84   sqrt.o
        86          0          0          0          0          0   __dczerorl2.o
         0          0          0          0          0          0   entry.o
         0          0          0          0          0          0   entry10a.o
         0          0          0          0          0          0   entry11a.o
         8          4          0          0          0          0   entry2.o
         4          0          0          0          0          0   entry5.o
         0          0          0          0          0          0   entry7b.o
         0          0          0          0          0          0   entry8b.o
         8          4          0          0          0          0   entry9a.o
        12          6          0          4          0         68   errno.o
        30          0          0          0          0          0   handlers.o
        36          8          0          0          0         68   init.o
         0          0          0          0          0          0   iusefp.o
        30          0          0          0          0         68   llshl.o
        36          0          0          0          0         68   llsshr.o
        32          0          0          0          0         68   llushr.o
        20          0          0          0          0         68   cfcmple.o
        20          0          0          0          0         68   cfrcmple.o
        56          0          0          0          0         88   d2f.o
       334          0          0          0          0        148   dadd.o
       222          0          0          0          0        100   ddiv.o
       186          0          0          0          0        176   depilogue.o
       228          0          0          0          0         96   dmul.o
        46          0          0          0          0         80   dscalb.o
       162          0          0          0          0        100   dsqrt.o
        38          0          0          0          0         68   f2d.o
       176          0          0          0          0        140   fadd.o
       124          0          0          0          0         88   fdiv.o
       110          0          0          0          0        168   fepilogue.o
        50          0          0          0          0         68   ffixi.o
        40          0          0          0          0         68   ffixui.o
        18          0          0          0          0         68   fflti.o
        10          0          0          0          0         68   ffltui.o
       100          0          0          0          0         76   fmul.o

    ----------------------------------------------------------------------
      3172         80         80          4          0       2696   Library Totals
         6          0          0          0          0          0   (incl. Padding)

    ----------------------------------------------------------------------

      Code (inc. data)   RO Data    RW Data    ZI Data      Debug   Library Name

       944         58         80          0          0        620   m_ws.l
       282         22          0          4          0        340   mc_w.l
      1940          0          0          0          0       1736   mf_w.l

    ----------------------------------------------------------------------
      3172         80         80          4          0       2696   Library Totals

    ----------------------------------------------------------------------

==============================================================================


      Code (inc. data)   RO Data    RW Data    ZI Data      Debug   

     31420       2248        484       1636       4356     468855   Grand Totals
     31420       2248        484       1212       4356     468855   ELF Image Totals (compressed)
     31420       2248        484       1212          0          0   ROM Totals

==============================================================================

    Total RO  Size (Code + RO Data)                31904 (  31.16kB)
    Total RW  Size (RW Data + ZI Data)              5992 (   5.85kB)
    Total ROM Size (Code + RO Data + RW Data)      33116 (  32.34kB)

==============================================================================

